nohup: ignoring input
================================================================================
Start time: [2026-04-12 16:36:06]
================================================================================
Benchmarking WerSch_numba_v1 vs WerSch_numba_v2
NF=      20, NP=      20, runs=500 ... 
NF=      20, NP=      80, runs=500 ... 
NF=      20, NP=     320, runs=500 ... 
NF=      20, NP=    1280, runs=500 ... 
NF=      20, NP=    5120, runs=500 ... 
NF=      20, NP=   20480, runs= 50 ... 
NF=      20, NP=   81920, runs= 50 ... 
NF=      20, NP=  327680, runs= 50 ... 
NF=      20, NP= 1310720, runs= 50 ... 
NF=      80, NP=      20, runs=500 ... 
NF=      80, NP=      80, runs=500 ... 
NF=      80, NP=     320, runs=500 ... 
NF=      80, NP=    1280, runs=500 ... 
NF=      80, NP=    5120, runs= 50 ... 
NF=      80, NP=   20480, runs= 50 ... 
NF=      80, NP=   81920, runs= 50 ... 
NF=      80, NP=  327680, runs= 50 ... 
NF=      80, NP= 1310720, runs=  5 ... 
NF=     320, NP=      20, runs=500 ... 
NF=     320, NP=      80, runs=500 ... 
NF=     320, NP=     320, runs=500 ... 
NF=     320, NP=    1280, runs= 50 ... 
NF=     320, NP=    5120, runs= 50 ... 
NF=     320, NP=   20480, runs= 50 ... 
NF=     320, NP=   81920, runs= 50 ... 
NF=     320, NP=  327680, runs=  5 ... 
NF=     320, NP= 1310720, runs=  5 ... 
NF=    1280, NP=      20, runs=500 ... 
NF=    1280, NP=      80, runs=500 ... 
NF=    1280, NP=     320, runs= 50 ... 
NF=    1280, NP=    1280, runs= 50 ... 
NF=    1280, NP=    5120, runs= 50 ... 
NF=    1280, NP=   20480, runs= 50 ... 
NF=    1280, NP=   81920, runs=  5 ... 
NF=    1280, NP=  327680, runs=  5 ... 
NF=    1280, NP= 1310720, runs=  1 ... 
NF=    5120, NP=      20, runs=500 ... 
NF=    5120, NP=      80, runs= 50 ... 
NF=    5120, NP=     320, runs= 50 ... 
NF=    5120, NP=    1280, runs= 50 ... 
NF=    5120, NP=    5120, runs= 50 ... 
NF=    5120, NP=   20480, runs=  5 ... 
NF=    5120, NP=   81920, runs=  5 ... 
NF=    5120, NP=  327680, runs=  1 ... 
NF=    5120, NP= 1310720, runs=  1 ... 
NF=   20480, NP=      20, runs= 50 ... 
NF=   20480, NP=      80, runs= 50 ... 
NF=   20480, NP=     320, runs= 50 ... 
NF=   20480, NP=    1280, runs= 50 ... 
NF=   20480, NP=    5120, runs=  5 ... 
NF=   20480, NP=   20480, runs=  5 ... 
NF=   20480, NP=   81920, runs=  1 ... 
NF=   20480, NP=  327680, runs=  1 ... 
NF=   20480, NP= 1310720, runs=  1 ... 
NF=   81920, NP=      20, runs= 50 ... 
NF=   81920, NP=      80, runs= 50 ... 
NF=   81920, NP=     320, runs= 50 ... 
NF=   81920, NP=    1280, runs=  5 ... 
NF=   81920, NP=    5120, runs=  5 ... 
NF=   81920, NP=   20480, runs=  1 ... 
NF=   81920, NP=   81920, runs=  1 ... 
NF=   81920, NP=  327680, runs=  1 ... 
NF=   81920, NP= 1310720, runs=  1 ... 
NF=  327680, NP=      20, runs= 50 ... 
NF=  327680, NP=      80, runs= 50 ... 
NF=  327680, NP=     320, runs=  5 ... 
NF=  327680, NP=    1280, runs=  5 ... 
NF=  327680, NP=    5120, runs=  1 ... 
NF=  327680, NP=   20480, runs=  1 ... 
NF=  327680, NP=   81920, runs=  1 ... 
NF=  327680, NP=  327680, runs=  1 ... 
NF=  327680, NP= 1310720, runs=  1 ... 
NF= 1310720, NP=      20, runs= 50 ... 
NF= 1310720, NP=      80, runs=  5 ... 
NF= 1310720, NP=     320, runs=  5 ... 
NF= 1310720, NP=    1280, runs=  1 ... 
NF= 1310720, NP=    5120, runs=  1 ... 
NF= 1310720, NP=   20480, runs=  1 ... 
NF= 1310720, NP=   81920, runs=  1 ... 
NF= 1310720, NP=  327680, runs=  1 ... 
NF= 1310720, NP= 1310720, runs=  1 ... 

Time WerSch_v1 (s):
   NF\NP       20       80      320     1280     5120    20480    81920   327680  1310720 
      20  1.8e-03  1.8e-03  1.9e-03  2.0e-03  2.5e-03  4.4e-03  9.6e-03  3.1e-02  1.3e-01 
      80  1.9e-03  1.9e-03  2.0e-03  2.3e-03  3.5e-03  8.3e-03  2.6e-02  1.0e-01  4.4e-01 
     320  2.1e-03  2.2e-03  2.4e-03  3.6e-03  7.9e-03  2.5e-02  1.0e-01  3.8e-01  1.4e+00 
    1280  2.9e-03  3.2e-03  4.2e-03  8.6e-03  2.6e-02  1.1e-01  3.7e-01  1.4e+00  5.7e+00 
    5120  4.7e-03  6.2e-03  9.8e-03  3.0e-02  1.0e-01  4.2e-01  1.4e+00  5.8e+00  2.3e+01 
   20480  1.8e-02  2.0e-02  3.3e-02  1.1e-01  3.5e-01  1.4e+00  5.4e+00  2.2e+01  8.7e+01 
   81920  4.9e-02  6.0e-02  1.2e-01  3.7e-01  1.4e+00  5.3e+00  2.1e+01  8.5e+01  3.4e+02 
  327680  1.8e-01  2.6e-01  4.9e-01  1.5e+00  5.5e+00  2.2e+01  8.6e+01  3.5e+02  1.4e+03 
 1310720  7.8e-01  1.0e+00  2.0e+00  6.6e+00  2.4e+01  9.4e+01  3.7e+02  1.5e+03  5.9e+03 

Time WerSch_v2 (s):
   NF\NP       20       80      320     1280     5120    20480    81920   327680  1310720 
      20  1.2e-03  1.3e-03  1.4e-03  1.6e-03  2.4e-03  4.1e-03  1.1e-02  4.7e-02  1.8e-01 
      80  1.3e-03  1.3e-03  1.6e-03  2.0e-03  3.7e-03  1.0e-02  3.8e-02  1.5e-01  6.0e-01 
     320  1.2e-03  1.5e-03  2.0e-03  3.8e-03  1.0e-02  3.7e-02  1.5e-01  5.5e-01  2.1e+00 
    1280  1.8e-03  2.2e-03  3.6e-03  9.7e-03  3.5e-02  1.4e-01  5.4e-01  2.1e+00  8.5e+00 
    5120  3.2e-03  5.0e-03  1.1e-02  3.5e-02  1.5e-01  5.3e-01  2.1e+00  8.4e+00  3.4e+01 
   20480  1.3e-02  1.4e-02  3.3e-02  1.3e-01  5.1e-01  2.0e+00  8.0e+00  3.2e+01  1.3e+02 
   81920  2.8e-02  4.9e-02  1.2e-01  4.9e-01  1.9e+00  7.8e+00  3.1e+01  1.2e+02  5.0e+02 
  327680  8.3e-02  1.8e-01  4.8e-01  1.9e+00  7.7e+00  3.1e+01  1.2e+02  4.9e+02  2.0e+03 
 1310720  2.6e-01  6.3e-01  1.9e+00  7.7e+00  3.1e+01  1.2e+02  4.9e+02  2.0e+03  7.9e+03 

t2/t1 Ratio:
   NF\NP       20       80      320     1280     5120    20480    81920   327680  1310720 
      20     0.64     0.72     0.75     0.81     0.94     0.94     1.18     1.51     1.34 
      80     0.71     0.71     0.77     0.87     1.07     1.25     1.45     1.49     1.37 
     320     0.59     0.69     0.85     1.05     1.27     1.48     1.41     1.43     1.48 
    1280     0.61     0.69     0.86     1.13     1.32     1.32     1.45     1.46     1.47 
    5120     0.69     0.81     1.11     1.17     1.49     1.27     1.46     1.46     1.46 
   20480     0.71     0.68     1.02     1.23     1.44     1.45     1.46     1.45     1.46 
   81920     0.58     0.82     1.00     1.35     1.43     1.45     1.45     1.45     1.46 
  327680     0.46     0.66     1.00     1.26     1.40     1.42     1.44     1.42     1.43 
 1310720     0.34     0.60     0.95     1.16     1.29     1.31     1.34     1.33     1.33 

Max Abs Diff gz (mGal), with Ref. std 35.62 mGal:
   NF\NP       20       80      320     1280     5120    20480    81920   327680  1310720 
      20 1.42e-14 2.49e-14 2.84e-14 3.55e-14 4.26e-14 4.26e-14 4.97e-14 5.68e-14 5.68e-14 
      80 4.26e-14 6.39e-14 6.39e-14 7.82e-14 8.53e-14 1.07e-13 1.28e-13 1.56e-13 1.42e-13 
     320 1.07e-13 7.82e-14 1.28e-13 1.56e-13 2.13e-13 2.42e-13 2.49e-13 2.56e-13 2.70e-13 
    1280 9.95e-14 1.78e-13 2.56e-13 3.06e-13 4.05e-13 4.83e-13 4.33e-13 5.40e-13 6.18e-13 
    5120 3.62e-13 4.05e-13 5.90e-13 7.18e-13 7.67e-13 8.88e-13 1.02e-12 1.15e-12 1.13e-12 
   20480 1.37e-12 1.11e-12 1.12e-12 1.38e-12 1.92e-12 1.73e-12 2.15e-12 2.30e-12 2.71e-12 
   81920 1.29e-12 1.39e-12 2.54e-12 3.52e-12 3.94e-12 3.64e-12 4.13e-12 4.24e-12 4.87e-12 
  327680 1.64e-12 7.89e-12 5.92e-12 6.62e-12 6.32e-12 6.81e-12 7.33e-12 8.55e-12 1.08e-11 
 1310720 5.36e-12 7.28e-12 8.71e-12 1.24e-11 1.22e-11 1.35e-11 1.53e-11 1.73e-11 1.85e-11 

Max Abs Diff Tzz (Eotvos), with Ref. std 501.61 Eotvos:
   NF\NP       20       80      320     1280     5120    20480    81920   327680  1310720 
      20 2.27e-13 2.84e-13 4.55e-13 4.55e-13 5.68e-13 5.68e-13 6.82e-13 6.82e-13 6.82e-13 
      80 2.27e-13 6.82e-13 6.82e-13 9.09e-13 1.02e-12 1.14e-12 1.36e-12 1.59e-12 1.59e-12 
     320 9.66e-13 1.36e-12 1.36e-12 2.05e-12 2.27e-12 2.96e-12 2.96e-12 3.41e-12 3.18e-12 
    1280 1.25e-12 2.39e-12 2.61e-12 4.32e-12 5.00e-12 5.00e-12 5.46e-12 7.50e-12 7.28e-12 
    5120 7.96e-12 3.07e-12 5.68e-12 1.00e-11 9.55e-12 9.09e-12 1.13e-11 1.59e-11 1.48e-11 
   20480 8.98e-12 1.46e-11 1.46e-11 1.44e-11 2.39e-11 2.02e-11 2.57e-11 2.71e-11 2.96e-11 
   81920 1.06e-11 1.65e-11 2.71e-11 3.12e-11 3.99e-11 3.46e-11 4.37e-11 4.66e-11 5.32e-11 
  327680 2.94e-11 4.32e-11 6.73e-11 8.30e-11 7.39e-11 8.28e-11 8.14e-11 1.02e-10 1.13e-10 
 1310720 4.85e-11 6.72e-11 8.80e-11 1.32e-10 1.41e-10 1.71e-10 1.70e-10 1.94e-10 2.12e-10 
================================================================================
End time: [2026-04-12 23:28:53]
================================================================================
