nohup: ignoring input
================================================================================
Start time: [2026-04-24 21:05:33]
================================================================================

Using Fibonacci sphere sampling with 5000 points per altitude


=== Altitude: 0.001 km ===
  Processing nsub = 0... [2026-04-24 21:05:33]
  Processing nsub = 1... [2026-04-24 21:05:37]
  Processing nsub = 2... [2026-04-24 21:05:37]
  Processing nsub = 3... [2026-04-24 21:05:38]
  Processing nsub = 4... [2026-04-24 21:05:38]
  Processing nsub = 5... [2026-04-24 21:05:38]
  Processing nsub = 6... [2026-04-24 21:05:39]
  Processing nsub = 7... [2026-04-24 21:05:44]
  Processing nsub = 8... [2026-04-24 21:06:00]
  Processing nsub = 9... [2026-04-24 21:07:04]
  Processing nsub = 10... [2026-04-24 21:11:17]
  Processing nsub = 11... [2026-04-24 21:27:59]
  Processing nsub = 12... [2026-04-24 22:35:01]

=== Altitude: 0.1 km ===
  Processing nsub = 0... [2026-04-25 03:01:48]
  Processing nsub = 1... [2026-04-25 03:01:48]
  Processing nsub = 2... [2026-04-25 03:01:48]
  Processing nsub = 3... [2026-04-25 03:01:48]
  Processing nsub = 4... [2026-04-25 03:01:49]
  Processing nsub = 5... [2026-04-25 03:01:49]
  Processing nsub = 6... [2026-04-25 03:01:50]
  Processing nsub = 7... [2026-04-25 03:01:54]
  Processing nsub = 8... [2026-04-25 03:02:09]
  Processing nsub = 9... [2026-04-25 03:03:10]
  Processing nsub = 10... [2026-04-25 03:07:14]
  Processing nsub = 11... [2026-04-25 03:23:33]
  Processing nsub = 12... [2026-04-25 04:29:34]

=== Altitude: 1 km ===
  Processing nsub = 0... [2026-04-25 08:51:34]
  Processing nsub = 1... [2026-04-25 08:51:36]
  Processing nsub = 2... [2026-04-25 08:51:36]
  Processing nsub = 3... [2026-04-25 08:51:36]
  Processing nsub = 4... [2026-04-25 08:51:36]
  Processing nsub = 5... [2026-04-25 08:51:36]
  Processing nsub = 6... [2026-04-25 08:51:37]
  Processing nsub = 7... [2026-04-25 08:51:41]
  Processing nsub = 8... [2026-04-25 08:51:56]
  Processing nsub = 9... [2026-04-25 08:52:57]
  Processing nsub = 10... [2026-04-25 08:57:00]
  Processing nsub = 11... [2026-04-25 09:13:25]
  Processing nsub = 12... [2026-04-25 10:19:07]

=== Altitude: 10 km ===
  Processing nsub = 0... [2026-04-25 14:41:43]
  Processing nsub = 1... [2026-04-25 14:41:44]
  Processing nsub = 2... [2026-04-25 14:41:44]
  Processing nsub = 3... [2026-04-25 14:41:44]
  Processing nsub = 4... [2026-04-25 14:41:44]
  Processing nsub = 5... [2026-04-25 14:41:45]
  Processing nsub = 6... [2026-04-25 14:41:46]
  Processing nsub = 7... [2026-04-25 14:41:50]
  Processing nsub = 8... [2026-04-25 14:42:05]
  Processing nsub = 9... [2026-04-25 14:43:06]
  Processing nsub = 10... [2026-04-25 14:47:11]
  Processing nsub = 11... [2026-04-25 15:03:34]
  Processing nsub = 12... [2026-04-25 16:09:29]

================================================================================
Altitude = 0.001 km — Icosphere vs Analytical (5000 obs pts)
================================================================================
          V       gN       gE       gD      TNN      TNE      TND      TEE      TED      TDD  Time (s)
0  3.95e-01 1.26e+04 1.29e+04 3.95e-01 4.05e-01 7.55e+01 1.79e+02 4.09e-01 1.82e+02 4.04e-01  3.08e+00
1  1.27e-01 7.57e+03 7.26e+03 1.27e-01 1.60e-01 7.29e+01 1.72e+02 1.56e-01 1.64e+02 1.50e-01  9.19e-03
2  3.38e-02 2.66e+03 2.65e+03 3.41e-02 6.89e-02 5.02e+01 1.07e+02 6.90e-02 1.07e+02 6.03e-02  1.77e-02
3  8.62e-03 7.70e+02 7.70e+02 8.69e-03 3.47e-02 2.96e+01 6.07e+01 3.52e-02 6.04e+01 2.90e-02  4.84e-02
4  2.17e-03 2.03e+02 2.07e+02 2.18e-03 1.85e-02 1.60e+01 3.23e+01 1.88e-02 3.30e+01 1.53e-02  1.70e-01
5  5.42e-04 5.24e+01 5.26e+01 5.47e-04 9.52e-03 8.28e+00 1.71e+01 9.65e-03 1.69e+01 7.89e-03  6.07e-01
6  1.35e-04 1.33e+01 1.33e+01 1.37e-04 4.84e-03 4.33e+00 8.66e+00 4.89e-03 8.78e+00 3.96e-03  2.15e+00
7  3.38e-05 3.39e+00 3.35e+00 3.42e-05 2.42e-03 2.17e+00 4.42e+00 2.45e-03 4.39e+00 1.98e-03  8.08e+00
8  8.44e-06 8.46e-01 8.44e-01 8.55e-06 1.21e-03 1.13e+00 2.18e+00 1.24e-03 2.22e+00 9.90e-04  3.20e+01
9  2.09e-06 2.13e-01 2.11e-01 2.12e-06 6.24e-04 5.52e-01 1.11e+00 6.16e-04 1.11e+00 5.09e-04  1.26e+02
10 5.00e-07 5.93e-02 6.13e-02 5.07e-07 3.24e-04 2.88e-01 5.65e-01 3.20e-04 5.73e-01 2.65e-04  4.98e+02
11 1.02e-07 3.18e-02 3.24e-02 1.11e-07 2.02e-04 1.79e-01 3.56e-01 2.03e-04 3.51e-01 1.64e-04  2.01e+03
12 1.66e-09 2.98e-02 2.98e-02 4.28e-08 2.52e-04 2.24e-01 4.55e-01 2.64e-04 4.58e-01 2.10e-04  7.99e+03

================================================================================
Altitude = 0.001 km — Geographic Grid vs Analytical (5000 obs pts)
================================================================================
          V       gN       gE       gD      TNN      TNE      TND      TEE      TED      TDD  Time (s)
0  4.32e-01 2.44e+04 1.45e+04 4.34e-01 4.70e-01 4.68e+01 2.27e+02 4.30e-01 1.90e+02 4.45e-01  1.53e+00
1  1.54e-01 1.55e+04 7.41e+03 1.55e-01 2.21e-01 3.12e+01 2.45e+02 1.80e-01 1.66e+02 1.84e-01  6.31e-03
2  4.60e-02 5.93e+03 2.66e+03 4.66e-02 1.22e-01 1.26e+01 1.78e+02 8.31e-02 1.11e+02 8.33e-02  1.69e-02
3  1.26e-02 1.84e+03 8.04e+02 1.28e-02 6.96e-02 4.01e+00 1.07e+02 4.42e-02 6.58e+01 4.31e-02  4.55e-02
4  3.29e-03 5.14e+02 2.22e+02 3.34e-03 3.79e-02 1.14e+00 5.90e+01 2.38e-02 3.66e+01 2.28e-02  1.64e-01
5  8.41e-04 1.36e+02 5.86e+01 8.55e-04 2.01e-02 3.10e-01 3.10e+01 1.27e-02 1.95e+01 1.19e-02  6.03e-01
6  2.13e-04 3.49e+01 1.51e+01 2.16e-04 1.02e-02 7.91e-02 1.59e+01 6.58e-03 1.02e+01 6.08e-03  2.09e+00
7  5.34e-05 8.85e+00 3.82e+00 5.44e-05 5.30e-03 2.07e-02 8.06e+00 3.37e-03 5.20e+00 3.15e-03  8.05e+00
8  1.34e-05 2.23e+00 9.61e-01 1.36e-05 2.62e-03 7.51e-03 4.06e+00 1.71e-03 2.63e+00 1.58e-03  3.20e+01
9  3.35e-06 5.59e-01 2.41e-01 3.41e-06 1.31e-03 1.05e-02 2.03e+00 8.57e-04 1.32e+00 7.71e-04  1.24e+02
10 8.39e-07 1.41e-01 6.19e-02 8.53e-07 6.48e-04 2.25e-02 1.03e+00 4.32e-04 6.66e-01 3.93e-04  4.97e+02
11 2.11e-07 3.91e-02 1.96e-02 2.14e-07 3.35e-04 4.42e-02 5.22e-01 2.18e-04 3.44e-01 2.00e-04  1.99e+03
12 5.22e-08 1.89e-02 1.34e-02 5.71e-08 1.91e-04 8.16e-02 3.02e-01 1.54e-04 2.57e-01 1.28e-04  7.90e+03

================================================================================
Altitude = 0.1 km — Icosphere vs Analytical (5000 obs pts)
================================================================================
          V       gN       gE       gD      TNN      TNE      TND      TEE      TED      TDD  Time (s)
0  3.95e-01 1.26e+04 1.29e+04 3.95e-01 4.05e-01 7.55e+01 1.79e+02 4.09e-01 1.82e+02 4.04e-01  6.61e-03
1  1.27e-01 7.57e+03 7.26e+03 1.27e-01 1.60e-01 7.29e+01 1.71e+02 1.56e-01 1.64e+02 1.50e-01  1.00e-02
2  3.38e-02 2.65e+03 2.65e+03 3.41e-02 6.89e-02 5.02e+01 1.07e+02 6.89e-02 1.06e+02 6.03e-02  1.88e-02
3  8.62e-03 7.69e+02 7.70e+02 8.69e-03 3.47e-02 2.95e+01 6.06e+01 3.51e-02 6.03e+01 2.90e-02  4.46e-02
4  2.17e-03 2.03e+02 2.06e+02 2.18e-03 1.84e-02 1.59e+01 3.22e+01 1.87e-02 3.29e+01 1.53e-02  1.43e-01
5  5.42e-04 5.23e+01 5.24e+01 5.47e-04 9.46e-03 8.22e+00 1.70e+01 9.58e-03 1.68e+01 7.83e-03  4.91e-01
6  1.35e-04 1.32e+01 1.32e+01 1.37e-04 4.78e-03 4.27e+00 8.54e+00 4.82e-03 8.65e+00 3.90e-03  1.91e+00
7  3.38e-05 3.36e+00 3.31e+00 3.42e-05 2.35e-03 2.09e+00 4.29e+00 2.39e-03 4.27e+00 1.92e-03  7.54e+00
8  8.44e-06 8.28e-01 8.26e-01 8.55e-06 1.14e-03 1.06e+00 2.07e+00 1.17e-03 2.10e+00 9.30e-04  3.02e+01
9  2.09e-06 2.04e-01 2.03e-01 2.12e-06 5.65e-04 4.96e-01 1.00e+00 5.58e-04 9.98e-01 4.61e-04  1.21e+02
10 5.00e-07 5.53e-02 5.72e-02 5.06e-07 2.72e-04 2.38e-01 4.72e-01 2.66e-04 4.79e-01 2.20e-04  4.84e+02
11 1.02e-07 2.95e-02 3.01e-02 1.10e-07 1.59e-04 1.39e-01 2.77e-01 1.57e-04 2.76e-01 1.28e-04  1.96e+03
12 1.66e-09 2.65e-02 2.65e-02 3.81e-08 1.97e-04 1.71e-01 3.50e-01 2.00e-04 3.52e-01 1.61e-04  7.79e+03

================================================================================
Altitude = 0.1 km — Geographic Grid vs Analytical (5000 obs pts)
================================================================================
          V       gN       gE       gD      TNN      TNE      TND      TEE      TED      TDD  Time (s)
0  4.32e-01 2.44e+04 1.45e+04 4.34e-01 4.70e-01 4.68e+01 2.27e+02 4.30e-01 1.90e+02 4.45e-01  6.58e-03
1  1.54e-01 1.55e+04 7.41e+03 1.55e-01 2.20e-01 3.12e+01 2.45e+02 1.80e-01 1.66e+02 1.84e-01  8.10e-03
2  4.60e-02 5.93e+03 2.65e+03 4.66e-02 1.22e-01 1.25e+01 1.78e+02 8.31e-02 1.11e+02 8.33e-02  1.81e-02
3  1.26e-02 1.84e+03 8.03e+02 1.28e-02 6.95e-02 4.00e+00 1.07e+02 4.41e-02 6.57e+01 4.30e-02  4.58e-02
4  3.29e-03 5.13e+02 2.22e+02 3.34e-03 3.78e-02 1.14e+00 5.88e+01 2.38e-02 3.65e+01 2.27e-02  1.42e-01
5  8.41e-04 1.35e+02 5.84e+01 8.55e-04 2.00e-02 3.07e-01 3.08e+01 1.26e-02 1.94e+01 1.19e-02  4.95e-01
6  2.13e-04 3.48e+01 1.50e+01 2.16e-04 1.01e-02 7.76e-02 1.57e+01 6.50e-03 1.00e+01 6.01e-03  1.91e+00
7  5.34e-05 8.78e+00 3.77e+00 5.44e-05 5.12e-03 1.98e-02 7.88e+00 3.28e-03 5.06e+00 3.05e-03  7.55e+00
8  1.34e-05 2.19e+00 9.38e-01 1.36e-05 2.52e-03 7.11e-03 3.89e+00 1.61e-03 2.49e+00 1.51e-03  3.01e+01
9  3.35e-06 5.42e-01 2.30e-01 3.41e-06 1.22e-03 1.00e-02 1.88e+00 7.76e-04 1.20e+00 7.13e-04  1.21e+02
10 8.39e-07 1.33e-01 5.64e-02 8.52e-07 5.80e-04 2.05e-02 8.97e-01 3.61e-04 5.58e-01 3.45e-04  4.86e+02
11 2.11e-07 3.54e-02 1.72e-02 2.14e-07 2.71e-04 3.78e-02 4.12e-01 1.63e-04 2.56e-01 1.58e-04  1.97e+03
12 5.22e-08 1.72e-02 1.17e-02 5.62e-08 1.36e-04 6.53e-02 2.16e-01 1.07e-04 1.80e-01 9.17e-05  7.82e+03

================================================================================
Altitude = 1 km — Icosphere vs Analytical (5000 obs pts)
================================================================================
          V       gN       gE       gD      TNN      TNE      TND      TEE      TED      TDD  Time (s)
0  3.95e-01 1.26e+04 1.29e+04 3.95e-01 4.05e-01 7.54e+01 1.78e+02 4.09e-01 1.82e+02 4.04e-01  8.84e-03
1  1.27e-01 7.56e+03 7.24e+03 1.27e-01 1.60e-01 7.27e+01 1.71e+02 1.56e-01 1.64e+02 1.50e-01  6.89e-03
2  3.38e-02 2.65e+03 2.64e+03 3.41e-02 6.86e-02 4.99e+01 1.07e+02 6.86e-02 1.06e+02 6.01e-02  1.65e-02
3  8.62e-03 7.65e+02 7.65e+02 8.69e-03 3.43e-02 2.92e+01 5.99e+01 3.47e-02 5.96e+01 2.87e-02  4.13e-02
4  2.17e-03 2.00e+02 2.04e+02 2.18e-03 1.80e-02 1.55e+01 3.13e+01 1.83e-02 3.20e+01 1.49e-02  1.40e-01
5  5.42e-04 5.10e+01 5.12e+01 5.47e-04 9.01e-03 7.81e+00 1.61e+01 9.11e-03 1.59e+01 7.45e-03  5.04e-01
6  1.35e-04 1.26e+01 1.26e+01 1.37e-04 4.36e-03 3.86e+00 7.73e+00 4.36e-03 7.80e+00 3.55e-03  1.91e+00
7  3.38e-05 3.06e+00 3.02e+00 3.42e-05 1.98e-03 1.74e+00 3.58e+00 2.00e-03 3.56e+00 1.62e-03  7.55e+00
8  8.44e-06 6.95e-01 6.93e-01 8.52e-06 8.33e-04 7.64e-01 1.51e+00 8.45e-04 1.52e+00 6.73e-04  3.03e+01
9  2.09e-06 1.48e-01 1.48e-01 2.10e-06 3.23e-04 2.85e-01 5.77e-01 3.23e-04 5.68e-01 2.65e-04  1.21e+02
10 5.00e-07 3.54e-02 3.70e-02 5.03e-07 1.04e-04 9.12e-02 1.84e-01 1.02e-04 1.87e-01 8.39e-05  4.87e+02
11 1.02e-07 1.84e-02 1.88e-02 1.05e-07 5.34e-05 4.49e-02 9.33e-02 5.38e-05 9.49e-02 4.31e-05  1.95e+03
12 1.66e-09 1.26e-02 1.25e-02 1.81e-08 5.31e-05 4.46e-02 9.32e-02 5.35e-05 9.35e-02 4.29e-05  7.82e+03

================================================================================
Altitude = 1 km — Geographic Grid vs Analytical (5000 obs pts)
================================================================================
          V       gN       gE       gD      TNN      TNE      TND      TEE      TED      TDD  Time (s)
0  4.32e-01 2.44e+04 1.45e+04 4.34e-01 4.70e-01 4.66e+01 2.27e+02 4.30e-01 1.89e+02 4.45e-01  4.37e-03
1  1.54e-01 1.55e+04 7.40e+03 1.55e-01 2.20e-01 3.11e+01 2.45e+02 1.80e-01 1.65e+02 1.84e-01  1.08e-02
2  4.60e-02 5.92e+03 2.65e+03 4.66e-02 1.22e-01 1.24e+01 1.77e+02 8.28e-02 1.10e+02 8.30e-02  1.45e-02
3  1.26e-02 1.83e+03 7.97e+02 1.28e-02 6.89e-02 3.93e+00 1.06e+02 4.36e-02 6.50e+01 4.26e-02  4.07e-02
4  3.29e-03 5.09e+02 2.19e+02 3.34e-03 3.72e-02 1.09e+00 5.76e+01 2.33e-02 3.57e+01 2.23e-02  1.62e-01
5  8.41e-04 1.33e+02 5.68e+01 8.55e-04 1.92e-02 2.85e-01 2.96e+01 1.20e-02 1.85e+01 1.14e-02  5.02e-01
6  2.13e-04 3.36e+01 1.42e+01 2.16e-04 9.39e-03 6.80e-02 1.46e+01 5.91e-03 9.11e+00 5.57e-03  1.91e+00
7  5.34e-05 8.22e+00 3.38e+00 5.42e-05 4.45e-03 1.57e-02 6.88e+00 2.74e-03 4.23e+00 2.62e-03  7.57e+00
8  1.34e-05 1.93e+00 7.58e-01 1.36e-05 1.99e-03 5.52e-03 3.07e+00 1.18e-03 1.82e+00 1.16e-03  3.03e+01
9  3.35e-06 4.24e-01 1.52e-01 3.39e-06 8.09e-04 7.87e-03 1.25e+00 4.52e-04 6.97e-01 4.56e-04  1.20e+02
10 8.39e-07 8.61e-02 2.64e-02 8.44e-07 2.85e-04 1.30e-02 4.35e-01 1.40e-04 2.17e-01 1.61e-04  4.90e+02
11 2.11e-07 2.02e-02 7.98e-03 2.12e-07 7.66e-05 1.80e-02 1.19e-01 3.60e-05 5.78e-02 4.30e-05  1.96e+03
12 5.22e-08 1.06e-02 5.28e-03 5.36e-08 3.28e-05 1.90e-02 5.24e-02 2.33e-05 4.09e-02 2.19e-05  7.82e+03

================================================================================
Altitude = 10 km — Icosphere vs Analytical (5000 obs pts)
================================================================================
          V       gN       gE       gD      TNN      TNE      TND      TEE      TED      TDD  Time (s)
0  3.95e-01 1.24e+04 1.28e+04 3.95e-01 4.05e-01 7.39e+01 1.75e+02 4.09e-01 1.78e+02 4.04e-01  1.13e-02
1  1.27e-01 7.41e+03 7.10e+03 1.27e-01 1.58e-01 7.06e+01 1.66e+02 1.55e-01 1.59e+02 1.49e-01  9.79e-03
2  3.38e-02 2.56e+03 2.56e+03 3.41e-02 6.63e-02 4.72e+01 1.01e+02 6.62e-02 1.01e+02 5.83e-02  1.64e-02
3  8.62e-03 7.19e+02 7.21e+02 8.68e-03 3.14e-02 2.63e+01 5.41e+01 3.16e-02 5.37e+01 2.63e-02  4.29e-02
4  2.17e-03 1.78e+02 1.82e+02 2.18e-03 1.48e-02 1.27e+01 2.55e+01 1.49e-02 2.60e+01 1.23e-02  1.38e-01
5  5.42e-04 4.09e+01 4.12e+01 5.45e-04 6.25e-03 5.39e+00 1.11e+01 6.32e-03 1.09e+01 5.18e-03  4.97e-01
6  1.35e-04 8.47e+00 8.57e+00 1.36e-04 2.26e-03 1.97e+00 3.99e+00 2.25e-03 3.96e+00 1.84e-03  1.91e+00
7  3.38e-05 1.67e+00 1.68e+00 3.39e-05 6.10e-04 5.24e-01 1.08e+00 6.05e-04 1.07e+00 4.96e-04  7.58e+00
8  8.44e-06 3.56e-01 3.64e-01 8.46e-06 9.20e-05 8.17e-02 1.65e-01 9.20e-05 1.65e-01 7.42e-05  3.03e+01
9  2.09e-06 8.79e-02 9.06e-02 2.09e-06 7.04e-06 5.86e-03 1.19e-02 7.15e-06 1.17e-02 5.91e-06  1.21e+02
10 5.00e-07 2.26e-02 2.34e-02 5.01e-07 3.61e-06 2.90e-03 6.14e-03 3.67e-06 6.26e-03 2.94e-06  4.88e+02
11 1.02e-07 6.61e-03 6.67e-03 1.03e-07 2.19e-06 1.64e-03 3.75e-03 2.21e-06 3.83e-03 1.74e-06  1.96e+03
12 1.66e-09 2.85e-03 2.86e-03 4.46e-09 1.31e-06 8.71e-04 2.24e-03 1.33e-06 2.22e-03 1.01e-06  7.83e+03

================================================================================
Altitude = 10 km — Geographic Grid vs Analytical (5000 obs pts)
================================================================================
          V       gN       gE       gD      TNN      TNE      TND      TEE      TED      TDD  Time (s)
0  4.32e-01 2.42e+04 1.43e+04 4.34e-01 4.69e-01 4.55e+01 2.24e+02 4.29e-01 1.86e+02 4.45e-01  4.98e-03
1  1.54e-01 1.53e+04 7.26e+03 1.55e-01 2.18e-01 2.96e+01 2.39e+02 1.78e-01 1.61e+02 1.83e-01  7.78e-03
2  4.60e-02 5.79e+03 2.55e+03 4.66e-02 1.17e-01 1.14e+01 1.69e+02 8.01e-02 1.05e+02 8.06e-02  1.53e-02
3  1.26e-02 1.75e+03 7.45e+02 1.28e-02 6.37e-02 3.37e+00 9.71e+01 4.00e-02 5.90e+01 3.95e-02  4.46e-02
4  3.29e-03 4.68e+02 1.91e+02 3.33e-03 3.19e-02 8.31e-01 4.91e+01 1.94e-02 2.95e+01 1.90e-02  1.36e-01
5  8.41e-04 1.13e+02 4.36e+01 8.51e-04 1.45e-02 1.76e-01 2.23e+01 8.44e-03 1.29e+01 8.46e-03  5.17e-01
6  2.13e-04 2.50e+01 8.45e+00 2.14e-04 5.79e-03 3.05e-02 8.90e+00 3.13e-03 4.80e+00 3.30e-03  1.91e+00
7  5.34e-05 4.91e+00 1.24e+00 5.37e-05 1.88e-03 4.21e-03 2.89e+00 8.81e-04 1.35e+00 1.04e-03  7.59e+00
8  1.34e-05 9.47e-01 1.08e-01 1.34e-05 4.14e-04 1.90e-03 6.38e-01 1.49e-04 2.28e-01 2.21e-04  3.02e+01
9  3.35e-06 2.16e-01 5.66e-03 3.36e-06 4.19e-05 1.82e-03 6.39e-02 9.75e-06 1.43e-02 2.16e-05  1.22e+02
10 8.39e-07 5.41e-02 2.62e-03 8.41e-07 3.09e-06 1.35e-03 4.74e-03 1.78e-06 2.77e-03 1.99e-06  4.87e+02
11 2.11e-07 1.36e-02 1.37e-03 2.11e-07 2.12e-06 7.98e-04 3.39e-03 9.15e-07 1.60e-03 1.21e-06  1.96e+03
12 5.22e-08 4.62e-03 6.93e-04 5.24e-08 1.57e-06 4.16e-04 2.41e-03 4.81e-07 8.24e-04 8.47e-07  7.85e+03

================================================================================
Reference Values at Different Altitudes
GP in m²/s², GV in mGal, GGT in Eotvos
================================================================================
                 V       gN       gE        gD      TNN      TNE      TND      TEE      TED      TDD
0.001  62647267.15     0.00    -0.00 983258.41 -1543.24     0.00     0.00 -1543.24     0.00  3086.48
0.100  62646293.74     0.00    -0.00 983227.85 -1543.17    -0.00     0.00 -1543.17    -0.00  3086.33
1.000  62637445.94     0.00    -0.00 982950.14 -1542.51     0.00     0.00 -1542.51    -0.00  3085.03
10.000 62549105.20     0.00     0.00 980179.49 -1536.00    -0.00     0.00 -1536.00     0.00  3071.99
================================================================================
End time: [2026-04-25 20:33:14]
================================================================================
