nohup: ignoring input
================================================================================
Start time: [2026-05-20 12:00:27]
================================================================================
Computation info: 
Number of computation points: 10 
Polyhedron geometry: 
Input geographic resolution: 15-arcmin 
Number of faces: 2070720 
Number of vertices: 1035362 
Time cost :    1.225 sec = 0.020 min = 0.000 hr

Computation info: 
Number of computation points: 10 
Polyhedron geometry: 
Input geographic resolution: 10-arcmin 
Number of faces: 4661280 
Number of vertices: 2330642 
Time cost :    0.327 sec = 0.005 min = 0.000 hr

Computation info: 
Number of computation points: 10 
Polyhedron geometry: 
Input geographic resolution:  6-arcmin 
Number of faces: 12952800 
Number of vertices: 6476402 
Time cost :    0.983 sec = 0.016 min = 0.000 hr

Computation info: 
Number of computation points: 10 
Polyhedron geometry: 
Input geographic resolution:  5-arcmin 
Number of faces: 18653760 
Number of vertices: 9326882 
Time cost :    1.362 sec = 0.023 min = 0.000 hr

Computation info: 
Number of computation points: 10 
Polyhedron geometry: 
Input geographic resolution:  4-arcmin 
Number of faces: 29149200 
Number of vertices: 14574602 
Time cost :    2.003 sec = 0.033 min = 0.001 hr

Computation info: 
Number of computation points: 10 
Polyhedron geometry: 
Input geographic resolution:  3-arcmin 
Number of faces: 51825600 
Number of vertices: 25912802 
Time cost :    3.622 sec = 0.060 min = 0.001 hr

Computation info: 
Number of computation points: 10 
Polyhedron geometry: 
Input geographic resolution:  2-arcmin 
Number of faces: 116618400 
Number of vertices: 58309202 
Time cost :    8.770 sec = 0.146 min = 0.002 hr

Computation info: 
Number of computation points: 10 
Polyhedron geometry: 
Input geographic resolution:  1-arcmin 
Number of faces: 466516800 
Number of vertices: 233258402 
Time cost :   42.724 sec = 0.712 min = 0.012 hr

--------------------------------------------------------------------------------
Absolute errors of (gN, gE, gD) in mGal for different resolutions:
--------------------------------------------------------------------------------
   e_gN_PH_15  e_gN_PH_10  e_gN_PH_6  ...  e_gN_PH_3  e_gN_PH_2  e_gN_PH_1
0      3.0860      1.2328     0.2472  ...     0.1703     0.2480     0.2949
1      0.2692      0.0840     0.0236  ...     0.0052     0.0023     0.0006
2      0.1731      0.0472     0.0043  ...     0.0179     0.0198     0.0209
3      0.9294      0.4097     0.1455  ...     0.0304     0.0088     0.0043
4      2.2514      0.9973     0.3458  ...     0.0715     0.0205     0.0100
5      2.2795      0.9987     0.3387  ...     0.0614     0.0100     0.0209
6      1.1558      0.5107     0.1841  ...     0.0437     0.0176     0.0019
7      0.1640      0.0658     0.0218  ...     0.0020     0.0017     0.0039
8      0.8167      0.3522     0.1246  ...     0.0308     0.0136     0.0033
9      1.6309      0.7561     0.2794  ...     0.0699     0.0306     0.0068

[10 rows x 8 columns]
================================================================================
   e_gE_PH_15  e_gE_PH_10  e_gE_PH_6  ...  e_gE_PH_3  e_gE_PH_2  e_gE_PH_1
0      1.0748      0.4809     0.1372  ...     0.0175     0.0470     0.0649
1      0.9413      0.4462     0.1645  ...     0.0362     0.0116     0.0033
2      1.6190      0.6087     0.1629  ...     0.0343     0.0711     0.0932
3      0.2631      0.1399     0.0554  ...     0.0159     0.0083     0.0037
4      2.2013      0.9554     0.3289  ...     0.0576     0.0070     0.0233
5      0.9713      0.4066     0.1416  ...     0.0259     0.0044     0.0086
6      1.2548      0.5632     0.1991  ...     0.0439     0.0151     0.0023
7      0.1552      0.0707     0.0230  ...     0.0028     0.0009     0.0032
8      1.0883      0.4814     0.1730  ...     0.0431     0.0190     0.0046
9      0.9764      0.4538     0.1671  ...     0.0416     0.0181     0.0039

[10 rows x 8 columns]
================================================================================
   e_gD_PH_15  e_gD_PH_10  e_gD_PH_6  ...  e_gD_PH_3  e_gD_PH_2  e_gD_PH_1
0     21.5349     10.2084     3.3588  ...     0.2317     0.3574     0.7117
1     16.0735      7.6657     2.7345  ...     0.5520     0.1437     0.1018
2     12.7577      6.2025     2.1642  ...     0.4180     0.0923     0.1035
3     12.0518      5.5610     2.0135  ...     0.4837     0.1985     0.0271
4     11.9144      5.7205     2.0702  ...     0.4921     0.1971     0.0197
5     10.7758      5.0740     1.8347  ...     0.4458     0.1871     0.0316
6      9.7811      4.4546     1.6113  ...     0.3979     0.1722     0.0366
7      8.7865      4.0337     1.4579  ...     0.3596     0.1552     0.0325
8      8.1123      3.7093     1.3508  ...     0.3392     0.1507     0.0375
9      8.1014      3.7560     1.3737  ...     0.3446     0.1525     0.0370

[10 rows x 8 columns]
================================================================================
================================================================================
End time: [2026-05-20 12:02:32]
================================================================================
