nohup: ignoring input
================================================================================
Start time: [2026-05-03 11:41:56]
================================================================================

Computing exact gravitational potential on evaluation spheres...
 -> Radius 17.8 km: 10242 points, time = 2.043 s
 -> Radius 18.0 km: 10242 points, time = 0.096 s
 -> Radius 20.0 km: 10242 points, time = 0.094 s
Total time for exact potential computation: 2.234 s

Processing subdivision level: 0
 -> Level 0 EROS refined mesh has 1708 faces
 -> Time (Face center field computation): 2.398 s
 -> Time (Green's Third ID computation):  0.438 s

Processing subdivision level: 1
 -> Level 1 EROS refined mesh has 6832 faces
 -> Time (Face center field computation): 0.048 s
 -> Time (Green's Third ID computation):  0.047 s

Processing subdivision level: 2
 -> Level 2 EROS refined mesh has 27328 faces
 -> Time (Face center field computation): 0.170 s
 -> Time (Green's Third ID computation):  0.185 s

Processing subdivision level: 3
 -> Level 3 EROS refined mesh has 109312 faces
 -> Time (Face center field computation): 0.639 s
 -> Time (Green's Third ID computation):  0.696 s

Processing subdivision level: 4
 -> Level 4 EROS refined mesh has 437248 faces
 -> Time (Face center field computation): 2.538 s
 -> Time (Green's Third ID computation):  2.897 s

Processing subdivision level: 5
 -> Level 5 EROS refined mesh has 1748992 faces
 -> Time (Face center field computation): 10.033 s
 -> Time (Green's Third ID computation):  12.784 s

Processing subdivision level: 6
 -> Level 6 EROS refined mesh has 6995968 faces
 -> Time (Face center field computation): 40.024 s
 -> Time (Green's Third ID computation):  96.310 s

============================================================================================
Convergence of Green's Third ID Approximation
Relative RMS and Maximum Errors vs. Eros Mesh Refinement
============================================================================================
  Nsub    Faces          RMS          Max          RMS          Max          RMS          Max
                             17.8 km                   18.0 km                   20.0 km     
--------------------------------------------------------------------------------------------
     0     1708     6.37e-03     1.90e-01     3.07e-03     7.57e-02     2.21e-03     3.02e-03
     1     6832     1.73e-03     1.01e-01     6.89e-04     1.18e-02     6.28e-04     8.43e-04
     2    27328     2.12e-04     4.30e-03     1.82e-04     1.39e-03     1.76e-04     2.32e-04
     3   109312     5.54e-05     1.15e-03     4.99e-05     3.44e-04     4.84e-05     6.30e-05
     4   437248     1.48e-05     2.78e-04     1.35e-05     8.68e-05     1.32e-05     1.70e-05
     5  1748992     3.92e-06     6.95e-05     3.63e-06     2.20e-05     3.55e-06     4.52e-06
     6  6995968     1.01e-06     1.74e-05     9.45e-07     5.53e-06     9.26e-07     1.17e-06
--------------------------------------------------------------------------------------------
Note: All errors are relative (dimensionless).
Preparing error plot for subdivision level 0...
Preparing error plot for subdivision level 2...
Preparing error plot for subdivision level 4...
Preparing error plot for subdivision level 6...
================================================================================
End time: [2026-05-03 11:46:14]
================================================================================
