nohup: ignoring input
================================================================================
Start time: [2026-05-10 15:57:11]
================================================================================
********************************
Computation of Topographic Potential: Spectral-domain
********************************
nmax =  1; lmax =  359; time cost:     0.67 sec
nmax =  2; lmax =  719; time cost:     2.37 sec
nmax =  3; lmax = 1079; time cost:     7.99 sec
nmax =  4; lmax = 1439; time cost:    24.48 sec
nmax =  5; lmax = 1799; time cost:    68.30 sec
nmax =  6; lmax = 2159; time cost:   128.16 sec
********************************
Single Contribution of Each nmax in a Band Range
********************************
nmax | l-beg | l-end | t-expand |       min_gz |       max_gz |       mean_gz|       std_gz |
   1 |     0 |   359 |     1.35 |    -7.66e+02 |     1.02e+03 |    -3.56e+01 |     2.46e+02 |
   2 |     0 |   359 |     2.56 |    -5.97e+01 |     9.92e+01 |     5.31e-01 |     6.80e+00 |
   2 |   360 |   719 |     4.48 |    -4.28e+00 |     5.61e+00 |    -2.00e-04 |     4.15e-01 |
   3 |     0 |   359 |     3.75 |    -4.18e+01 |     3.39e+01 |     8.83e-04 |     1.17e+00 |
   3 |   360 |   719 |     7.24 |    -5.50e+00 |     6.62e+00 |    -2.14e-04 |     1.99e-01 |
   3 |   720 |  1079 |    14.78 |    -5.35e-02 |     4.37e-02 |     3.01e-07 |     2.33e-03 |
   4 |     0 |   359 |     5.75 |    -1.85e+01 |     1.21e+01 |    -5.87e-05 |     2.65e-01 |
   4 |   360 |   719 |    10.26 |    -4.46e+00 |     5.04e+00 |     4.57e-05 |     9.56e-02 |
   4 |   720 |  1079 |    20.40 |    -1.13e-01 |     1.10e-01 |     1.91e-06 |     2.34e-03 |
   4 |  1080 |  1439 |    34.45 |    -5.96e-04 |     5.61e-04 |    -6.87e-10 |     1.59e-05 |
   5 |     0 |   359 |     7.61 |    -6.02e+00 |     3.83e+00 |     9.80e-06 |     6.37e-02 |
   5 |   360 |   719 |    13.64 |    -3.14e+00 |     3.19e+00 |    -9.70e-06 |     4.00e-02 |
   5 |   720 |  1079 |    26.31 |    -1.66e-01 |     1.70e-01 |    -3.79e-07 |     2.06e-03 |
   5 |  1080 |  1439 |    44.11 |    -1.58e-03 |     1.57e-03 |     3.59e-08 |     2.74e-05 |
   5 |  1440 |  1799 |    66.37 |    -5.68e-06 |     6.43e-06 |    -4.32e-11 |     1.18e-07 |
   6 |     0 |   359 |    10.08 |    -1.62e+00 |     1.08e+00 |    -2.87e-06 |     1.47e-02 |
   6 |   360 |   719 |    17.51 |    -1.73e+00 |     1.72e+00 |     2.44e-06 |     1.52e-02 |
   6 |   720 |  1079 |    32.76 |    -1.74e-01 |     1.78e-01 |     4.61e-07 |     1.64e-03 |
   6 |  1080 |  1439 |    53.87 |    -3.98e-03 |     4.08e-03 |     6.15e-09 |     3.61e-05 |
   6 |  1440 |  1799 |    80.81 |    -1.89e-05 |     1.89e-05 |     5.71e-11 |     3.06e-07 |
   6 |  1800 |  2159 |   113.85 |    -4.75e-08 |     4.51e-08 |    -3.54e-13 |     8.44e-10 |
Topographic Gravitational Potential: gx
 min:    -489.9965 mGal
 max:     933.8242 mGal 
mean:      10.3941 mGal
 std:     154.5174 mGal
Topographic Gravitational Potential: gy
 min:    -554.0967 mGal
 max:     606.6092 mGal 
mean:       0.0033 mGal
 std:     150.4051 mGal
Topographic Gravitational Potential: gz
 min:    -722.3786 mGal
 max:    1188.2330 mGal 
mean:     -35.0256 mGal
 std:     246.6043 mGal
Saved to 'moon_topo_gravity_Lshp359_nmax6.nc'
================================================================================
End time: [2026-05-10 16:13:10]
================================================================================
