nohup: ignoring input
================================================================================
Start time: [2026-03-10 16:59:08]
================================================================================

Observation grid: 91 lat x 180 lon = 16380 points per altitude


=== Altitude: 0.001 km ===
  Processing nsub = 0... [2026-03-10 16:59:09]
  Processing nsub = 1... [2026-03-10 16:59:11]
  Processing nsub = 2... [2026-03-10 16:59:12]
  Processing nsub = 3... [2026-03-10 16:59:12]
  Processing nsub = 4... [2026-03-10 16:59:13]
  Processing nsub = 5... [2026-03-10 16:59:14]
  Processing nsub = 6... [2026-03-10 16:59:16]
  Processing nsub = 7... [2026-03-10 16:59:26]
  Processing nsub = 8... [2026-03-10 17:00:04]
  Processing nsub = 9... [2026-03-10 17:02:35]
  Processing nsub = 10... [2026-03-10 17:13:03]
  Processing nsub = 11... [2026-03-10 17:55:58]

=== Altitude: 0.01 km ===
  Processing nsub = 0... [2026-03-10 20:49:41]
  Processing nsub = 1... [2026-03-10 20:49:41]
  Processing nsub = 2... [2026-03-10 20:49:41]
  Processing nsub = 3... [2026-03-10 20:49:42]
  Processing nsub = 4... [2026-03-10 20:49:43]
  Processing nsub = 5... [2026-03-10 20:49:44]
  Processing nsub = 6... [2026-03-10 20:49:47]
  Processing nsub = 7... [2026-03-10 20:49:56]
  Processing nsub = 8... [2026-03-10 20:50:33]
  Processing nsub = 9... [2026-03-10 20:53:05]
  Processing nsub = 10... [2026-03-10 21:03:31]
  Processing nsub = 11... [2026-03-10 21:46:19]

=== Altitude: 0.1 km ===
  Processing nsub = 0... [2026-03-11 00:39:24]
  Processing nsub = 1... [2026-03-11 00:39:25]
  Processing nsub = 2... [2026-03-11 00:39:25]
  Processing nsub = 3... [2026-03-11 00:39:25]
  Processing nsub = 4... [2026-03-11 00:39:26]
  Processing nsub = 5... [2026-03-11 00:39:28]
  Processing nsub = 6... [2026-03-11 00:39:31]
  Processing nsub = 7... [2026-03-11 00:39:40]
  Processing nsub = 8... [2026-03-11 00:40:18]
  Processing nsub = 9... [2026-03-11 00:42:51]
  Processing nsub = 10... [2026-03-11 00:53:18]
  Processing nsub = 11... [2026-03-11 01:35:59]

=== Altitude: 1 km ===
  Processing nsub = 0... [2026-03-11 04:29:42]
  Processing nsub = 1... [2026-03-11 04:29:43]
  Processing nsub = 2... [2026-03-11 04:29:43]
  Processing nsub = 3... [2026-03-11 04:29:44]
  Processing nsub = 4... [2026-03-11 04:29:46]
  Processing nsub = 5... [2026-03-11 04:29:47]
  Processing nsub = 6... [2026-03-11 04:29:50]
  Processing nsub = 7... [2026-03-11 04:30:00]
  Processing nsub = 8... [2026-03-11 04:30:37]
  Processing nsub = 9... [2026-03-11 04:33:08]
  Processing nsub = 10... [2026-03-11 04:43:35]
  Processing nsub = 11... [2026-03-11 05:26:11]

=== Altitude: 10 km ===
  Processing nsub = 0... [2026-03-11 08:19:11]
  Processing nsub = 1... [2026-03-11 08:19:11]
  Processing nsub = 2... [2026-03-11 08:19:12]
  Processing nsub = 3... [2026-03-11 08:19:12]
  Processing nsub = 4... [2026-03-11 08:19:13]
  Processing nsub = 5... [2026-03-11 08:19:15]
  Processing nsub = 6... [2026-03-11 08:19:19]
  Processing nsub = 7... [2026-03-11 08:19:28]
  Processing nsub = 8... [2026-03-11 08:20:05]
  Processing nsub = 9... [2026-03-11 08:22:37]
  Processing nsub = 10... [2026-03-11 08:33:05]
  Processing nsub = 11... [2026-03-11 09:15:51]

=== Altitude: 100 km ===
  Processing nsub = 0... [2026-03-11 12:09:00]
  Processing nsub = 1... [2026-03-11 12:09:00]
  Processing nsub = 2... [2026-03-11 12:09:00]
  Processing nsub = 3... [2026-03-11 12:09:01]
  Processing nsub = 4... [2026-03-11 12:09:02]
  Processing nsub = 5... [2026-03-11 12:09:02]
  Processing nsub = 6... [2026-03-11 12:09:05]
  Processing nsub = 7... [2026-03-11 12:09:16]
  Processing nsub = 8... [2026-03-11 12:09:54]
  Processing nsub = 9... [2026-03-11 12:12:27]
  Processing nsub = 10... [2026-03-11 12:22:50]
  Processing nsub = 11... [2026-03-11 13:05:27]

================================================================================
Altitude = 0.001 km — Icosphere vs Analytical Earth (91 x 180 = 16380 obs pts)
================================================================================
          V       gN       gE       gD      TNN      TNE      TND      TEE      TED      TDD  Time (s)
0  3.95e-01 1.19e+04 1.25e+04 3.96e-01 4.07e-01 7.48e+01 1.67e+02 4.14e-01 1.74e+02 4.08e-01  2.45e+00
1  1.26e-01 8.25e+03 6.68e+03 1.25e-01 4.32e-01 7.96e+01 1.99e+02 4.29e-01 1.52e+02 4.26e-01  3.10e-02
2  3.39e-02 2.75e+03 2.54e+03 3.38e-02 2.34e-01 4.80e+01 1.13e+02 2.34e-01 1.03e+02 2.31e-01  1.30e-01
3  8.62e-03 7.72e+02 7.52e+02 8.64e-03 1.15e-01 2.81e+01 6.08e+01 1.14e-01 5.92e+01 1.13e-01  1.52e-01
4  2.17e-03 1.99e+02 2.03e+02 2.17e-03 5.49e-02 1.55e+01 3.22e+01 5.47e-02 3.23e+01 5.37e-02  3.55e-01
5  5.42e-04 5.28e+01 5.48e+01 5.40e-04 2.60e-02 8.10e+00 1.76e+01 2.60e-02 1.69e+01 2.54e-02  1.27e+00
6  1.36e-04 1.29e+01 1.29e+01 1.37e-04 1.23e-02 4.30e+00 8.52e+00 1.24e-02 8.19e+00 1.20e-02  4.68e+00
7  3.39e-05 3.33e+00 3.40e+00 3.40e-05 5.88e-03 2.08e+00 4.36e+00 5.93e-03 4.35e+00 5.68e-03  1.88e+01
8  8.44e-06 8.50e-01 8.45e-01 8.47e-06 2.75e-03 1.06e+00 2.24e+00 2.77e-03 2.17e+00 2.64e-03  7.85e+01
9  2.09e-06 2.11e-01 2.12e-01 2.10e-06 1.31e-03 5.18e-01 1.11e+00 1.33e-03 1.10e+00 1.25e-03  3.37e+02
10 5.00e-07 5.85e-02 6.04e-02 5.04e-07 6.03e-04 2.80e-01 5.52e-01 6.11e-04 5.63e-01 5.64e-04  1.40e+03
11 1.02e-07 3.20e-02 3.14e-02 1.13e-07 3.63e-04 1.94e-01 3.43e-01 3.65e-04 3.48e-01 3.31e-04  5.73e+03

================================================================================
Altitude = 0.001 km — Geographic Grid vs Analytical Earth (91 x 180 = 16380 obs pts)
================================================================================
          V       gN       gE       gD      TNN      TNE      TND      TEE      TED      TDD  Time (s)
0  4.28e-01 2.43e+04 1.23e+04 4.17e-01 6.77e-01 4.16e+01 2.83e+02 6.48e-01 1.61e+02 6.59e-01  3.32e-02
1  1.52e-01 1.50e+04 6.20e+03 1.47e-01 4.67e-01 2.64e+01 2.60e+02 4.42e-01 1.41e+02 4.48e-01  7.43e-02
2  4.53e-02 5.79e+03 2.20e+03 4.42e-02 3.24e-01 9.89e+00 1.76e+02 2.72e-01 9.02e+01 2.88e-01  6.29e-02
3  1.24e-02 1.81e+03 6.63e+02 1.21e-02 1.35e-01 3.14e+00 1.08e+02 1.28e-01 5.17e+01 1.26e-01  1.37e-01
4  3.24e-03 5.09e+02 1.83e+02 3.18e-03 7.33e-02 8.66e-01 5.78e+01 6.68e-02 2.81e+01 6.65e-02  4.03e-01
5  8.28e-04 1.35e+02 4.82e+01 8.13e-04 4.06e-02 2.58e-01 2.93e+01 3.39e-02 1.47e+01 3.44e-02  1.26e+00
6  2.09e-04 3.45e+01 1.24e+01 2.06e-04 1.81e-02 6.15e-02 1.53e+01 1.67e-02 7.50e+00 1.59e-02  4.81e+00
7  5.26e-05 8.69e+00 3.14e+00 5.18e-05 7.67e-03 1.72e-02 7.95e+00 8.30e-03 3.79e+00 7.18e-03  1.80e+01
8  1.32e-05 2.18e+00 7.88e-01 1.29e-05 6.68e-03 8.00e-03 3.55e+00 4.31e-03 1.91e+00 4.61e-03  7.19e+01
9  3.30e-06 5.54e-01 1.98e-01 3.25e-06 2.66e-03 1.03e-02 1.88e+00 2.14e-03 9.56e-01 1.98e-03  2.89e+02
10 8.26e-07 1.36e-01 5.07e-02 8.10e-07 1.06e-03 1.81e-02 9.62e-01 1.05e-03 4.79e-01 8.62e-04  1.17e+03
11 2.08e-07 3.59e-02 1.62e-02 2.08e-07 3.99e-04 3.45e-02 4.85e-01 5.15e-04 2.51e-01 3.84e-04  4.67e+03

================================================================================
Altitude = 0.01 km — Icosphere vs Analytical Earth (91 x 180 = 16380 obs pts)
================================================================================
          V       gN       gE       gD      TNN      TNE      TND      TEE      TED      TDD  Time (s)
0  3.95e-01 1.19e+04 1.25e+04 3.96e-01 4.07e-01 7.48e+01 1.67e+02 4.14e-01 1.74e+02 4.08e-01  1.61e-02
1  1.26e-01 8.25e+03 6.68e+03 1.25e-01 3.62e-01 7.53e+01 1.99e+02 3.58e-01 1.52e+02 3.55e-01  3.83e-02
2  3.39e-02 2.75e+03 2.54e+03 3.38e-02 1.93e-01 4.74e+01 1.13e+02 1.93e-01 1.03e+02 1.89e-01  1.11e-01
3  8.62e-03 7.72e+02 7.52e+02 8.64e-03 9.37e-02 2.81e+01 6.08e+01 9.36e-02 5.91e+01 9.15e-02  1.40e-01
4  2.17e-03 1.99e+02 2.03e+02 2.17e-03 4.47e-02 1.55e+01 3.22e+01 4.45e-02 3.22e+01 4.32e-02  3.67e-01
5  5.42e-04 5.28e+01 5.48e+01 5.40e-04 2.10e-02 8.10e+00 1.76e+01 2.10e-02 1.69e+01 2.02e-02  1.28e+00
6  1.36e-04 1.29e+01 1.28e+01 1.37e-04 9.82e-03 4.29e+00 8.51e+00 9.92e-03 8.18e+00 9.44e-03  4.74e+00
7  3.39e-05 3.32e+00 3.40e+00 3.40e-05 4.69e-03 2.08e+00 4.34e+00 4.74e-03 4.34e+00 4.44e-03  1.84e+01
8  8.44e-06 8.48e-01 8.43e-01 8.47e-06 2.17e-03 1.05e+00 2.22e+00 2.19e-03 2.16e+00 2.03e-03  7.85e+01
9  2.09e-06 2.10e-01 2.12e-01 2.10e-06 1.02e-03 5.14e-01 1.09e+00 1.03e-03 1.08e+00 9.44e-04  3.34e+02
10 5.00e-07 5.81e-02 6.00e-02 5.04e-07 4.62e-04 2.70e-01 5.38e-01 4.66e-04 5.49e-01 4.18e-04  1.41e+03
11 1.02e-07 3.18e-02 3.11e-02 1.13e-07 2.71e-04 1.71e-01 3.33e-01 2.72e-04 3.37e-01 2.39e-04  5.69e+03

================================================================================
Altitude = 0.01 km — Geographic Grid vs Analytical Earth (91 x 180 = 16380 obs pts)
================================================================================
          V       gN       gE       gD      TNN      TNE      TND      TEE      TED      TDD  Time (s)
0  4.28e-01 2.43e+04 1.23e+04 4.17e-01 6.03e-01 4.16e+01 2.82e+02 5.70e-01 1.61e+02 5.82e-01  3.44e-02
1  1.52e-01 1.50e+04 6.20e+03 1.47e-01 3.97e-01 2.64e+01 2.60e+02 3.70e-01 1.41e+02 3.75e-01  4.05e-02
2  4.53e-02 5.79e+03 2.20e+03 4.42e-02 2.72e-01 9.89e+00 1.75e+02 2.24e-01 9.02e+01 2.37e-01  1.14e-01
3  1.24e-02 1.81e+03 6.63e+02 1.21e-02 1.14e-01 3.14e+00 1.08e+02 1.06e-01 5.16e+01 1.04e-01  1.50e-01
4  3.24e-03 5.09e+02 1.83e+02 3.18e-03 6.18e-02 8.65e-01 5.78e+01 5.51e-02 2.81e+01 5.42e-02  3.88e-01
5  8.28e-04 1.35e+02 4.82e+01 8.13e-04 3.48e-02 2.58e-01 2.93e+01 2.80e-02 1.47e+01 2.81e-02  1.29e+00
6  2.09e-04 3.45e+01 1.24e+01 2.06e-04 1.55e-02 6.15e-02 1.53e+01 1.40e-02 7.50e+00 1.29e-02  4.65e+00
7  5.26e-05 8.69e+00 3.13e+00 5.18e-05 6.43e-03 1.72e-02 7.93e+00 7.05e-03 3.79e+00 5.80e-03  1.82e+01
8  1.32e-05 2.18e+00 7.87e-01 1.29e-05 5.69e-03 7.43e-03 3.46e+00 3.54e-03 1.90e+00 3.73e-03  7.22e+01
9  3.30e-06 5.53e-01 1.98e-01 3.25e-06 2.12e-03 9.71e-03 1.86e+00 1.68e-03 9.52e-01 1.51e-03  2.90e+02
10 8.26e-07 1.35e-01 5.03e-02 8.10e-07 8.14e-04 1.73e-02 9.53e-01 7.61e-04 4.75e-01 6.25e-04  1.15e+03
11 2.08e-07 3.56e-02 1.60e-02 2.08e-07 3.31e-04 3.31e-02 4.74e-01 3.43e-04 2.47e-01 2.72e-04  4.67e+03

================================================================================
Altitude = 0.1 km — Icosphere vs Analytical Earth (91 x 180 = 16380 obs pts)
================================================================================
          V       gN       gE       gD      TNN      TNE      TND      TEE      TED      TDD  Time (s)
0  3.95e-01 1.19e+04 1.25e+04 3.96e-01 4.07e-01 7.48e+01 1.67e+02 4.14e-01 1.73e+02 4.08e-01  3.76e-02
1  1.26e-01 8.25e+03 6.68e+03 1.25e-01 2.97e-01 7.17e+01 1.99e+02 2.92e-01 1.52e+02 2.88e-01  5.56e-02
2  3.39e-02 2.75e+03 2.54e+03 3.38e-02 1.54e-01 4.69e+01 1.13e+02 1.54e-01 1.03e+02 1.50e-01  1.18e-01
3  8.62e-03 7.71e+02 7.52e+02 8.64e-03 7.41e-02 2.80e+01 6.08e+01 7.40e-02 5.91e+01 7.12e-02  1.98e-01
4  2.17e-03 1.99e+02 2.02e+02 2.17e-03 3.51e-02 1.54e+01 3.22e+01 3.49e-02 3.22e+01 3.33e-02  4.14e-01
5  5.42e-04 5.27e+01 5.47e+01 5.40e-04 1.63e-02 8.05e+00 1.75e+01 1.64e-02 1.68e+01 1.54e-02  1.26e+00
6  1.36e-04 1.28e+01 1.28e+01 1.37e-04 7.54e-03 4.24e+00 8.41e+00 7.63e-03 8.08e+00 7.06e-03  4.84e+00
7  3.39e-05 3.29e+00 3.36e+00 3.40e-05 3.59e-03 2.02e+00 4.22e+00 3.63e-03 4.22e+00 3.28e-03  1.85e+01
8  8.44e-06 8.32e-01 8.27e-01 8.47e-06 1.63e-03 9.98e-01 2.11e+00 1.63e-03 2.06e+00 1.46e-03  7.97e+01
9  2.09e-06 2.02e-01 2.04e-01 2.10e-06 7.32e-04 4.72e-01 9.96e-01 7.35e-04 9.91e-01 6.51e-04  3.38e+02
10 5.00e-07 5.45e-02 5.65e-02 5.03e-07 3.17e-04 2.29e-01 4.64e-01 3.20e-04 4.70e-01 2.74e-04  1.40e+03
11 1.02e-07 2.97e-02 2.91e-02 1.12e-07 1.78e-04 1.31e-01 2.73e-01 1.76e-04 2.74e-01 1.49e-04  5.73e+03

================================================================================
Altitude = 0.1 km — Geographic Grid vs Analytical Earth (91 x 180 = 16380 obs pts)
================================================================================
          V       gN       gE       gD      TNN      TNE      TND      TEE      TED      TDD  Time (s)
0  4.28e-01 2.43e+04 1.23e+04 4.17e-01 5.40e-01 4.16e+01 2.81e+02 5.02e-01 1.61e+02 5.16e-01  3.16e-02
1  1.52e-01 1.50e+04 6.20e+03 1.47e-01 3.32e-01 2.64e+01 2.59e+02 3.03e-01 1.41e+02 3.08e-01  6.54e-02
2  4.53e-02 5.79e+03 2.20e+03 4.42e-02 2.24e-01 9.88e+00 1.75e+02 1.78e-01 9.01e+01 1.89e-01  8.67e-02
3  1.24e-02 1.81e+03 6.63e+02 1.21e-02 9.52e-02 3.13e+00 1.08e+02 8.53e-02 5.16e+01 8.26e-02  1.46e-01
4  3.24e-03 5.09e+02 1.83e+02 3.18e-03 5.15e-02 8.64e-01 5.77e+01 4.43e-02 2.81e+01 4.27e-02  3.71e-01
5  8.28e-04 1.34e+02 4.81e+01 8.13e-04 2.96e-02 2.56e-01 2.91e+01 2.26e-02 1.47e+01 2.22e-02  1.27e+00
6  2.09e-04 3.44e+01 1.23e+01 2.06e-04 1.29e-02 6.07e-02 1.52e+01 1.13e-02 7.46e+00 1.00e-02  4.68e+00
7  5.26e-05 8.63e+00 3.10e+00 5.18e-05 5.41e-03 1.69e-02 7.82e+00 5.44e-03 3.75e+00 4.41e-03  1.82e+01
8  1.32e-05 2.15e+00 7.71e-01 1.30e-05 4.00e-03 6.07e-03 3.39e+00 2.47e-03 1.86e+00 2.54e-03  7.27e+01
9  3.30e-06 5.38e-01 1.90e-01 3.25e-06 1.44e-03 8.48e-03 1.79e+00 1.05e-03 9.12e-01 9.70e-04  2.88e+02
10 8.26e-07 1.28e-01 4.64e-02 8.10e-07 5.81e-04 1.59e-02 8.75e-01 4.26e-04 4.35e-01 3.88e-04  1.16e+03
11 2.08e-07 3.28e-02 1.43e-02 2.07e-07 2.58e-04 2.93e-02 3.88e-01 1.73e-04 2.08e-01 1.67e-04  4.67e+03

================================================================================
Altitude = 1 km — Icosphere vs Analytical Earth (91 x 180 = 16380 obs pts)
================================================================================
          V       gN       gE       gD      TNN      TNE      TND      TEE      TED      TDD  Time (s)
0  3.95e-01 1.18e+04 1.25e+04 3.96e-01 4.07e-01 7.46e+01 1.67e+02 4.14e-01 1.73e+02 4.08e-01  3.69e-02
1  1.26e-01 8.23e+03 6.67e+03 1.25e-01 2.37e-01 6.87e+01 1.98e+02 2.31e-01 1.51e+02 2.27e-01  5.55e-02
2  3.39e-02 2.74e+03 2.53e+03 3.38e-02 1.18e-01 4.62e+01 1.12e+02 1.17e-01 1.02e+02 1.12e-01  1.02e-01
3  8.62e-03 7.66e+02 7.47e+02 8.64e-03 5.58e-02 2.77e+01 6.01e+01 5.57e-02 5.84e+01 5.21e-02  1.62e-01
4  2.17e-03 1.96e+02 2.00e+02 2.17e-03 2.64e-02 1.51e+01 3.14e+01 2.60e-02 3.14e+01 2.40e-02  3.57e-01
5  5.42e-04 5.14e+01 5.34e+01 5.40e-04 1.20e-02 7.67e+00 1.66e+01 1.20e-02 1.60e+01 1.09e-02  1.26e+00
6  1.36e-04 1.22e+01 1.22e+01 1.37e-04 5.31e-03 3.85e+00 7.61e+00 5.35e-03 7.32e+00 4.74e-03  4.89e+00
7  3.39e-05 2.99e+00 3.07e+00 3.40e-05 2.39e-03 1.68e+00 3.52e+00 2.41e-03 3.51e+00 2.09e-03  1.86e+01
8  8.44e-06 6.94e-01 6.95e-01 8.46e-06 9.71e-04 7.31e-01 1.53e+00 9.55e-04 1.50e+00 8.29e-04  7.86e+01
9  2.09e-06 1.46e-01 1.49e-01 2.10e-06 3.57e-04 2.76e-01 5.71e-01 3.52e-04 5.67e-01 3.03e-04  3.38e+02
10 5.00e-07 3.49e-02 3.72e-02 5.02e-07 1.09e-04 9.02e-02 1.79e-01 1.08e-04 1.80e-01 8.98e-05  1.39e+03
11 1.02e-07 1.84e-02 1.79e-02 1.07e-07 5.39e-05 4.34e-02 9.34e-02 5.33e-05 9.32e-02 4.31e-05  5.69e+03

================================================================================
Altitude = 1 km — Geographic Grid vs Analytical Earth (91 x 180 = 16380 obs pts)
================================================================================
          V       gN       gE       gD      TNN      TNE      TND      TEE      TED      TDD  Time (s)
0  4.28e-01 2.43e+04 1.23e+04 4.17e-01 4.89e-01 4.15e+01 2.80e+02 4.46e-01 1.61e+02 4.62e-01  3.68e-02
1  1.52e-01 1.50e+04 6.19e+03 1.47e-01 2.75e-01 2.63e+01 2.58e+02 2.42e-01 1.41e+02 2.46e-01  1.17e-01
2  4.53e-02 5.78e+03 2.19e+03 4.42e-02 1.80e-01 9.86e+00 1.74e+02 1.34e-01 8.97e+01 1.42e-01  9.94e-02
3  1.24e-02 1.81e+03 6.59e+02 1.21e-02 7.89e-02 3.10e+00 1.07e+02 6.59e-02 5.12e+01 6.30e-02  1.28e-01
4  3.24e-03 5.04e+02 1.81e+02 3.18e-03 4.22e-02 8.49e-01 5.68e+01 3.37e-02 2.77e+01 3.18e-02  3.89e-01
5  8.28e-04 1.32e+02 4.68e+01 8.13e-04 2.31e-02 2.35e-01 2.82e+01 1.65e-02 1.42e+01 1.59e-02  1.23e+00
6  2.09e-04 3.33e+01 1.17e+01 2.06e-04 9.85e-03 5.46e-02 1.43e+01 7.47e-03 7.06e+00 6.80e-03  4.78e+00
7  5.26e-05 8.09e+00 2.79e+00 5.17e-05 4.45e-03 1.44e-02 6.84e+00 3.11e-03 3.35e+00 2.92e-03  1.80e+01
8  1.32e-05 1.90e+00 6.26e-01 1.29e-05 2.15e-03 4.39e-03 2.92e+00 1.20e-03 1.49e+00 1.29e-03  7.21e+01
9  3.30e-06 4.21e-01 1.26e-01 3.24e-06 8.06e-04 6.57e-03 1.25e+00 4.22e-04 5.80e-01 4.71e-04  2.86e+02
10 8.26e-07 8.19e-02 2.17e-02 8.04e-07 2.75e-04 1.01e-02 4.32e-01 1.24e-04 1.80e-01 1.53e-04  1.16e+03
11 2.08e-07 2.15e-02 6.61e-03 2.05e-07 7.35e-05 1.38e-02 1.08e-01 3.06e-05 4.79e-02 4.07e-05  4.66e+03

================================================================================
Altitude = 10 km — Icosphere vs Analytical Earth (91 x 180 = 16380 obs pts)
================================================================================
          V       gN       gE       gD      TNN      TNE      TND      TEE      TED      TDD  Time (s)
0  3.95e-01 1.17e+04 1.23e+04 3.96e-01 4.07e-01 7.34e+01 1.64e+02 4.13e-01 1.70e+02 4.07e-01  2.62e-02
1  1.26e-01 8.06e+03 6.54e+03 1.25e-01 1.88e-01 6.49e+01 1.93e+02 1.80e-01 1.46e+02 1.76e-01  6.14e-02
2  3.39e-02 2.65e+03 2.45e+03 3.38e-02 8.58e-02 4.37e+01 1.07e+02 8.51e-02 9.62e+01 7.85e-02  8.75e-02
3  8.62e-03 7.20e+02 7.04e+02 8.64e-03 3.89e-02 2.50e+01 5.44e+01 3.88e-02 5.24e+01 3.45e-02  1.85e-01
4  2.17e-03 1.74e+02 1.78e+02 2.17e-03 1.74e-02 1.23e+01 2.56e+01 1.69e-02 2.56e+01 1.49e-02  4.23e-01
5  5.42e-04 4.07e+01 4.30e+01 5.40e-04 6.94e-03 5.25e+00 1.13e+01 6.84e-03 1.13e+01 5.94e-03  1.27e+00
6  1.36e-04 8.13e+00 8.35e+00 1.36e-04 2.33e-03 2.01e+00 3.89e+00 2.35e-03 3.82e+00 1.99e-03  4.78e+00
7  3.39e-05 1.60e+00 1.71e+00 3.39e-05 6.43e-04 5.11e-01 1.06e+00 6.46e-04 1.05e+00 5.39e-04  1.87e+01
8  8.44e-06 3.37e-01 3.63e-01 8.46e-06 9.65e-05 7.93e-02 1.67e-01 9.59e-05 1.61e-01 8.01e-05  7.88e+01
9  2.09e-06 8.34e-02 9.07e-02 2.10e-06 7.14e-06 5.66e-03 1.21e-02 7.14e-06 1.21e-02 5.94e-06  3.39e+02
10 5.00e-07 2.16e-02 2.39e-02 5.02e-07 3.70e-06 2.93e-03 6.36e-03 3.55e-06 6.49e-03 2.93e-06  1.40e+03
11 1.02e-07 6.44e-03 6.59e-03 1.04e-07 2.34e-06 1.83e-03 3.68e-03 2.28e-06 3.52e-03 1.80e-06  5.71e+03

================================================================================
Altitude = 10 km — Geographic Grid vs Analytical Earth (91 x 180 = 16380 obs pts)
================================================================================
          V       gN       gE       gD      TNN      TNE      TND      TEE      TED      TDD  Time (s)
0  4.28e-01 2.40e+04 1.22e+04 4.17e-01 4.54e-01 4.06e+01 2.75e+02 4.07e-01 1.58e+02 4.25e-01  4.09e-02
1  1.52e-01 1.48e+04 6.07e+03 1.47e-01 2.29e-01 2.55e+01 2.51e+02 1.92e-01 1.37e+02 1.97e-01  6.54e-02
2  4.53e-02 5.64e+03 2.12e+03 4.42e-02 1.40e-01 9.37e+00 1.65e+02 9.51e-02 8.58e+01 1.01e-01  1.12e-01
3  1.24e-02 1.73e+03 6.16e+02 1.21e-02 6.46e-02 2.77e+00 9.81e+01 4.54e-02 4.76e+01 4.48e-02  1.32e-01
4  3.24e-03 4.63e+02 1.58e+02 3.18e-03 3.19e-02 6.96e-01 4.91e+01 2.05e-02 2.39e+01 2.06e-02  3.70e-01
5  8.28e-04 1.13e+02 3.61e+01 8.11e-04 1.44e-02 1.50e-01 2.22e+01 8.27e-03 1.07e+01 8.79e-03  1.24e+00
6  2.09e-04 2.46e+01 6.97e+00 2.05e-04 5.73e-03 2.63e-02 8.86e+00 2.86e-03 4.00e+00 3.31e-03  4.67e+00
7  5.26e-05 4.81e+00 1.02e+00 5.13e-05 1.86e-03 3.63e-03 2.88e+00 7.74e-04 1.12e+00 1.02e-03  1.82e+01
8  1.32e-05 9.17e-01 8.71e-02 1.28e-05 4.08e-04 1.48e-03 6.33e-01 1.25e-04 1.86e-01 2.15e-04  7.24e+01
9  3.30e-06 2.09e-01 4.85e-03 3.22e-06 4.19e-05 1.53e-03 6.38e-02 8.52e-06 1.17e-02 2.16e-05  2.88e+02
10 8.26e-07 5.13e-02 2.34e-03 8.02e-07 3.20e-06 1.09e-03 5.87e-03 1.50e-06 2.44e-03 1.90e-06  1.16e+03
11 2.08e-07 1.33e-02 1.12e-03 2.02e-07 2.37e-06 6.52e-04 4.68e-03 9.09e-07 1.32e-03 1.35e-06  4.66e+03

================================================================================
Altitude = 100 km — Icosphere vs Analytical Earth (91 x 180 = 16380 obs pts)
================================================================================
          V       gN       gE       gD      TNN      TNE      TND      TEE      TED      TDD  Time (s)
0  3.95e-01 1.04e+04 1.09e+04 3.96e-01 4.04e-01 6.25e+01 1.39e+02 4.11e-01 1.45e+02 4.05e-01  5.00e-02
1  1.26e-01 6.61e+03 5.43e+03 1.26e-01 1.52e-01 5.00e+01 1.48e+02 1.42e-01 1.14e+02 1.41e-01  3.23e-02
2  3.39e-02 1.92e+03 1.82e+03 3.38e-02 5.38e-02 2.84e+01 6.95e+01 5.23e-02 6.20e+01 4.82e-02  9.54e-02
3  8.62e-03 4.27e+02 4.31e+02 8.63e-03 1.74e-02 1.13e+01 2.49e+01 1.71e-02 2.37e+01 1.51e-02  1.62e-01
4  2.17e-03 8.29e+01 8.84e+01 2.17e-03 4.34e-03 2.90e+00 5.89e+00 4.22e-03 5.89e+00 3.73e-03  3.75e-01
5  5.42e-04 1.86e+01 2.03e+01 5.43e-04 6.64e-04 3.53e-01 7.61e-01 6.85e-04 7.86e-01 6.30e-04  1.35e+00
6  1.36e-04 4.62e+00 5.02e+00 1.36e-04 1.41e-04 3.27e-02 6.63e-02 1.43e-04 7.06e-02 1.40e-04  4.75e+00
7  3.39e-05 1.16e+00 1.25e+00 3.40e-05 3.52e-05 7.79e-03 1.59e-02 3.53e-05 1.72e-02 3.48e-05  1.86e+01
8  8.44e-06 2.89e-01 3.14e-01 8.47e-06 8.76e-06 1.95e-03 4.00e-03 8.79e-06 4.31e-03 8.67e-06  7.94e+01
9  2.09e-06 7.28e-02 7.89e-02 2.10e-06 2.18e-06 4.95e-04 1.03e-03 2.19e-06 1.11e-03 2.15e-06  3.33e+02
10 5.00e-07 1.82e-02 1.97e-02 5.02e-07 5.27e-07 1.34e-04 2.75e-04 5.32e-07 2.99e-04 5.20e-07  1.40e+03
11 1.02e-07 4.57e-03 4.68e-03 1.03e-07 1.20e-07 4.10e-05 9.69e-05 1.20e-07 9.60e-05 1.14e-07  5.71e+03

================================================================================
Altitude = 100 km — Geographic Grid vs Analytical Earth (91 x 180 = 16380 obs pts)
================================================================================
          V       gN       gE       gD      TNN      TNE      TND      TEE      TED      TDD  Time (s)
0  4.28e-01 2.21e+04 1.09e+04 4.18e-01 4.35e-01 3.35e+01 2.28e+02 3.88e-01 1.36e+02 4.08e-01  3.62e-02
1  1.52e-01 1.30e+04 5.02e+03 1.48e-01 1.92e-01 1.85e+01 1.98e+02 1.55e-01 1.07e+02 1.63e-01  5.40e-02
2  4.53e-02 4.57e+03 1.50e+03 4.42e-02 8.94e-02 5.48e+00 1.16e+02 5.90e-02 5.73e+01 6.39e-02  9.03e-02
3  1.24e-02 1.19e+03 3.20e+02 1.21e-02 3.64e-02 1.11e+00 5.17e+01 1.99e-02 2.29e+01 2.30e-02  1.60e-01
4  3.24e-03 2.53e+02 4.48e+01 3.16e-03 1.14e-02 1.40e-01 1.65e+01 5.19e-03 6.11e+00 6.76e-03  3.46e-01
5  8.28e-04 5.23e+01 3.13e+00 8.07e-04 2.24e-03 9.28e-03 3.15e+00 9.43e-04 8.25e-01 1.34e-03  1.23e+00
6  2.09e-04 1.25e+01 6.01e-02 2.04e-04 2.58e-04 2.35e-04 2.29e-01 1.92e-04 3.08e-02 2.15e-04  4.75e+00
7  5.26e-05 3.13e+00 1.94e-03 5.13e-05 5.25e-05 9.67e-05 1.94e-02 4.74e-05 2.20e-04 5.00e-05  1.82e+01
8  1.32e-05 7.84e-01 9.33e-04 1.28e-05 1.31e-05 5.34e-05 4.86e-03 1.18e-05 1.12e-04 1.24e-05  7.26e+01
9  3.30e-06 1.96e-01 4.92e-04 3.22e-06 3.30e-06 2.81e-05 1.26e-03 2.95e-06 5.87e-05 3.12e-06  2.88e+02
10 8.26e-07 4.87e-02 2.49e-04 8.05e-07 8.07e-07 1.40e-05 3.40e-04 7.40e-07 2.88e-05 7.71e-07  1.15e+03
11 2.08e-07 1.17e-02 1.19e-04 2.03e-07 2.17e-07 6.72e-06 1.36e-04 1.91e-07 1.35e-05 2.00e-07  4.68e+03

================================================================================
Reference Values at Different Altitudes
GP in m^2/s^2, GV in mGal, GGT in Eotvos
================================================================================
                  V       gN       gE        gD      TNN      TNE      TND      TEE      TED      TDD
0.001   62647267.15     0.00     0.00 983258.41 -1543.24     0.00     0.00 -1543.24     0.00  3086.48
0.010   62647178.66     0.00     0.00 983255.63 -1543.23     0.00     0.00 -1543.23     0.00  3086.47
0.100   62646293.74     0.00     0.00 983227.85 -1543.17    -0.00     0.00 -1543.17     0.00  3086.33
1.000   62637445.94     0.00     0.00 982950.14 -1542.51     0.00     0.00 -1542.51    -0.00  3085.03
10.000  62549105.20     0.00     0.00 980179.49 -1536.00     0.00     0.00 -1536.00     0.00  3071.99
100.000 61679212.20     0.00     0.00 953105.65 -1472.80    -0.00     0.00 -1472.80    -0.00  2945.60
================================================================================
End time: [2026-03-11 15:58:58]
================================================================================

