nohup: ignoring input
================================================================================
Start time: [2026-05-12 11:56:12]
================================================================================
Computation info: 
Geographic grid: dlat = dlon = 0.25 deg = 15 arc-min
Number of computation points: 721 x 1441 = 1038961 
Polyhedron geometry: 
Number of faces: 51825600 
Number of vertices: 25912802 
Time cost : 253574.290 sec = 4226.238 min = 70.437 hr

-----------------------------------------------------------
GP in m^2/s^2, GV in mGal, and GGT in Eotvos
Gravity |    min    |    max    |    mean   |     std   
-----------------------------------------------------------
V       | -2444.241 |  4757.734 |  -226.007 |  1491.720
gN      |  -488.734 |   933.108 |    10.382 |   154.466
gE      |  -551.854 |   606.508 |     0.020 |   150.353
gD      |  -721.875 |  1189.824 |   -35.132 |   246.405
TNN     |  -279.959 |   107.426 |     0.184 |    20.422
TNE     |  -128.823 |    99.564 |    -0.000 |    11.544
TND     |  -217.715 |   206.217 |     0.038 |    23.625
TEE     |  -187.108 |   108.623 |     0.300 |    20.168
TED     |  -176.600 |   204.480 |     0.002 |    23.434
TDD     |  -188.428 |   464.860 |    -0.484 |    33.599
Saved to 'moon_topo_gravity_in3arcmin_out15arcmin.nc'
================================================================================
End time: [2026-05-15 10:22:39]
================================================================================
