nohup: ignoring input
================================================================================
Start time: [2026-05-11 10:43:46]
================================================================================
********************************
Computation of Topographic Potential: Spectral-domain
********************************
nmax =  1; lmax =  359; time cost:     0.67 sec
nmax =  2; lmax =  719; time cost:     2.31 sec
nmax =  3; lmax = 1079; time cost:     8.02 sec
nmax =  4; lmax = 1439; time cost:    24.22 sec
nmax =  5; lmax = 1799; time cost:    69.72 sec
nmax =  6; lmax = 2159; time cost:   144.23 sec
nmax =  7; lmax = 2519; time cost:   262.89 sec
********************************
Single Contribution of Each nmax in a Band Range
********************************
nmax | l-beg | l-end | t-expand |       min_gz |       max_gz |       mean_gz|       std_gz |
   1 |     0 |   359 |     1.35 |    -7.66e+02 |     1.02e+03 |    -3.56e+01 |     2.46e+02 |
   2 |     0 |   359 |     2.56 |    -5.97e+01 |     9.92e+01 |     5.31e-01 |     6.80e+00 |
   2 |   360 |   719 |     4.49 |    -4.28e+00 |     5.61e+00 |    -2.00e-04 |     4.15e-01 |
   3 |     0 |   359 |     3.78 |    -4.18e+01 |     3.39e+01 |     8.83e-04 |     1.17e+00 |
   3 |   360 |   719 |     7.27 |    -5.50e+00 |     6.62e+00 |    -2.14e-04 |     1.99e-01 |
   3 |   720 |  1079 |    14.84 |    -5.35e-02 |     4.37e-02 |     3.01e-07 |     2.33e-03 |
   4 |     0 |   359 |     5.73 |    -1.85e+01 |     1.21e+01 |    -5.87e-05 |     2.65e-01 |
   4 |   360 |   719 |    10.22 |    -4.46e+00 |     5.04e+00 |     4.57e-05 |     9.56e-02 |
   4 |   720 |  1079 |    20.53 |    -1.13e-01 |     1.10e-01 |     1.91e-06 |     2.34e-03 |
   4 |  1080 |  1439 |    34.46 |    -5.96e-04 |     5.61e-04 |    -6.87e-10 |     1.59e-05 |
   5 |     0 |   359 |     7.62 |    -6.02e+00 |     3.83e+00 |     9.80e-06 |     6.37e-02 |
   5 |   360 |   719 |    13.62 |    -3.14e+00 |     3.19e+00 |    -9.70e-06 |     4.00e-02 |
   5 |   720 |  1079 |    26.32 |    -1.66e-01 |     1.70e-01 |    -3.79e-07 |     2.06e-03 |
   5 |  1080 |  1439 |    44.19 |    -1.58e-03 |     1.57e-03 |     3.59e-08 |     2.74e-05 |
   5 |  1440 |  1799 |    66.41 |    -5.68e-06 |     6.43e-06 |    -4.32e-11 |     1.18e-07 |
   6 |     0 |   359 |     9.99 |    -1.62e+00 |     1.08e+00 |    -2.87e-06 |     1.47e-02 |
   6 |   360 |   719 |    17.38 |    -1.73e+00 |     1.72e+00 |     2.44e-06 |     1.52e-02 |
   6 |   720 |  1079 |    32.67 |    -1.74e-01 |     1.78e-01 |     4.61e-07 |     1.64e-03 |
   6 |  1080 |  1439 |    53.91 |    -3.98e-03 |     4.08e-03 |     6.15e-09 |     3.61e-05 |
   6 |  1440 |  1799 |    80.89 |    -1.89e-05 |     1.89e-05 |     5.71e-11 |     3.06e-07 |
   6 |  1800 |  2159 |   114.58 |    -4.75e-08 |     4.51e-08 |    -3.54e-13 |     8.44e-10 |
   7 |     0 |   359 |    12.77 |    -3.71e-01 |     2.72e-01 |     1.45e-07 |     3.17e-03 |
   7 |   360 |   719 |    21.50 |    -7.93e-01 |     7.64e-01 |    -5.67e-08 |     5.47e-03 |
   7 |   720 |  1079 |    39.68 |    -1.58e-01 |     1.52e-01 |    -1.05e-07 |     1.15e-03 |
   7 |  1080 |  1439 |    64.31 |    -6.60e-03 |     6.78e-03 |     1.75e-08 |     4.34e-05 |
   7 |  1440 |  1799 |    95.80 |    -7.46e-05 |     7.45e-05 |    -8.23e-11 |     5.61e-07 |
   7 |  1800 |  2159 |   134.37 |    -2.01e-07 |     2.00e-07 |    -8.99e-13 |     3.47e-09 |
   7 |  2160 |  2519 |   179.90 |    -3.75e-10 |     3.73e-10 |    -1.12e-15 |     5.94e-12 |
Topographic Gravitational Potential: gx
 min:    -490.0186 mGal
 max:     933.7645 mGal 
mean:      10.3944 mGal
 std:     154.5221 mGal
Topographic Gravitational Potential: gy
 min:    -554.0423 mGal
 max:     606.6182 mGal 
mean:       0.0028 mGal
 std:     150.4100 mGal
Topographic Gravitational Potential: gz
 min:    -722.2848 mGal
 max:    1189.7327 mGal 
mean:     -35.0236 mGal
 std:     246.6098 mGal
Saved to 'moon_topo_gravity_Lshp359_nmax7.nc'
================================================================================
End time: [2026-05-11 11:14:58]
================================================================================
