nohup: ignoring input
================================================================================
Start time: [2026-05-11 16:52:16]
================================================================================
Computation info: 
Geographic grid: dlat = dlon = 0.25 deg = 15 arc-min
Number of computation points: 721 x 1441 = 1038961 
Polyhedron geometry: 
Number of faces: 12952800 
Number of vertices: 6476402 
Time cost : 54594.778 sec = 909.913 min = 15.165 hr

-----------------------------------------------------------
GP in m^2/s^2, GV in mGal, and GGT in Eotvos
Gravity |    min    |    max    |    mean   |     std   
-----------------------------------------------------------
V       | -2446.175 |  4755.503 |  -228.031 |  1491.683
gN      |  -488.511 |   932.226 |    10.383 |   154.444
gE      |  -551.442 |   606.359 |     0.020 |   150.339
gD      |  -721.864 |  1187.835 |   -35.243 |   246.380
TNN     |  -277.422 |   107.041 |     0.185 |    20.345
TNE     |  -127.633 |    98.593 |    -0.000 |    11.507
TND     |  -215.377 |   205.189 |     0.038 |    23.539
TEE     |  -186.124 |   108.042 |     0.300 |    20.116
TED     |  -175.112 |   203.478 |     0.002 |    23.371
TDD     |  -187.686 |   460.399 |    -0.485 |    33.493
Saved to 'moon_topo_gravity_in6arcmin_out15arcmin.nc'
================================================================================
End time: [2026-05-12 08:02:16]
================================================================================
