nohup: ignoring input
Computation info: 
Geographic grid: dlat = dlon = 0.25 deg = 15 arc-min
Number of computation points: 721 x 1441 = 1038961 
Polyhedron geometry: 
Number of faces: 2070720 
Number of vertices: 1035362 
Start time: Sat Mar 28 18:18:54 2026 
End time  : Sat Mar 28 20:16:45 2026 
Time cost : 7071.603 sec = 117.860 min = 1.964 hr

-----------------------------------------------------------
Gravity |   min    |   max    |   mean   |   std   
GP in m^2/s^2, GV in mGal, and GGT in Eotvos
-----------------------------------------------------------
V       | -2459.701 | 4739.896 | -242.189 | 1491.428
gN      | -486.964 |  926.222 |   10.386 |  154.291
gE      | -548.620 |  605.311 |    0.020 |  150.247
gD      | -721.782 | 1182.634 |  -36.016 |  246.211
TNN     | -271.857 |  104.344 |    0.181 |   19.871
TNE     | -129.249 |   91.978 |   -0.000 |   11.259
TND     | -200.824 |  198.020 |    0.038 |   22.951
TEE     | -185.935 |  104.146 |    0.299 |   19.801
TED     | -166.766 |  196.447 |    0.002 |   22.941
TDD     | -182.617 |  449.197 |   -0.480 |   32.855
Saved to 'moon_topo_gravity_res15arcmin.nc'
