nohup: ignoring input
================================================================================
Start time: [2026-04-24 15:23:53]
================================================================================

Using Fibonacci sphere sampling with 1000 points per altitude


=== Altitude: 0.001 km ===
  Processing nsub = 0... [2026-04-24 15:23:53]
  Processing nsub = 1... [2026-04-24 15:23:57]
  Processing nsub = 2... [2026-04-24 15:23:57]
  Processing nsub = 3... [2026-04-24 15:23:57]
  Processing nsub = 4... [2026-04-24 15:23:57]
  Processing nsub = 5... [2026-04-24 15:23:57]
  Processing nsub = 6... [2026-04-24 15:23:57]
  Processing nsub = 7... [2026-04-24 15:23:58]
  Processing nsub = 8... [2026-04-24 15:24:01]
  Processing nsub = 9... [2026-04-24 15:24:14]
  Processing nsub = 10... [2026-04-24 15:25:05]
  Processing nsub = 11... [2026-04-24 15:28:29]
  Processing nsub = 12... [2026-04-24 15:42:12]

=== Altitude: 0.1 km ===
  Processing nsub = 0... [2026-04-24 16:37:54]
  Processing nsub = 1... [2026-04-24 16:37:55]
  Processing nsub = 2... [2026-04-24 16:37:55]
  Processing nsub = 3... [2026-04-24 16:37:55]
  Processing nsub = 4... [2026-04-24 16:37:55]
  Processing nsub = 5... [2026-04-24 16:37:55]
  Processing nsub = 6... [2026-04-24 16:37:56]
  Processing nsub = 7... [2026-04-24 16:37:57]
  Processing nsub = 8... [2026-04-24 16:38:00]
  Processing nsub = 9... [2026-04-24 16:38:14]
  Processing nsub = 10... [2026-04-24 16:39:07]
  Processing nsub = 11... [2026-04-24 16:42:39]
  Processing nsub = 12... [2026-04-24 16:56:43]

=== Altitude: 1 km ===
  Processing nsub = 0... [2026-04-24 17:52:38]
  Processing nsub = 1... [2026-04-24 17:52:39]
  Processing nsub = 2... [2026-04-24 17:52:39]
  Processing nsub = 3... [2026-04-24 17:52:39]
  Processing nsub = 4... [2026-04-24 17:52:39]
  Processing nsub = 5... [2026-04-24 17:52:39]
  Processing nsub = 6... [2026-04-24 17:52:39]
  Processing nsub = 7... [2026-04-24 17:52:40]
  Processing nsub = 8... [2026-04-24 17:52:44]
  Processing nsub = 9... [2026-04-24 17:52:57]
  Processing nsub = 10... [2026-04-24 17:53:50]
  Processing nsub = 11... [2026-04-24 17:57:22]
  Processing nsub = 12... [2026-04-24 18:11:22]

=== Altitude: 10 km ===
  Processing nsub = 0... [2026-04-24 19:07:34]
  Processing nsub = 1... [2026-04-24 19:07:35]
  Processing nsub = 2... [2026-04-24 19:07:35]
  Processing nsub = 3... [2026-04-24 19:07:35]
  Processing nsub = 4... [2026-04-24 19:07:35]
  Processing nsub = 5... [2026-04-24 19:07:35]
  Processing nsub = 6... [2026-04-24 19:07:35]
  Processing nsub = 7... [2026-04-24 19:07:36]
  Processing nsub = 8... [2026-04-24 19:07:40]
  Processing nsub = 9... [2026-04-24 19:07:53]
  Processing nsub = 10... [2026-04-24 19:08:46]
  Processing nsub = 11... [2026-04-24 19:12:18]
  Processing nsub = 12... [2026-04-24 19:26:13]

================================================================================
Altitude = 0.001 km — Icosphere vs Analytical (1000 obs pts)
================================================================================
          V       gN       gE       gD      TNN      TNE      TND      TEE      TED      TDD  Time (s)
0  3.95e-01 1.26e+04 1.29e+04 3.95e-01 4.05e-01 7.43e+01 1.79e+02 4.09e-01 1.81e+02 4.04e-01  1.93e+00
1  1.27e-01 7.58e+03 7.24e+03 1.27e-01 1.60e-01 7.32e+01 1.73e+02 1.57e-01 1.64e+02 1.50e-01  2.13e-03
2  3.39e-02 2.65e+03 2.67e+03 3.41e-02 6.95e-02 4.96e+01 1.06e+02 6.74e-02 1.07e+02 5.99e-02  5.52e-03
3  8.62e-03 7.60e+02 7.60e+02 8.71e-03 3.55e-02 2.87e+01 6.00e+01 3.50e-02 6.05e+01 2.95e-02  1.53e-02
4  2.16e-03 2.07e+02 2.08e+02 2.18e-03 1.76e-02 1.62e+01 3.29e+01 1.81e-02 3.32e+01 1.45e-02  3.47e-02
5  5.42e-04 5.22e+01 5.49e+01 5.48e-04 9.21e-03 8.29e+00 1.68e+01 9.32e-03 1.71e+01 7.59e-03  9.99e-02
6  1.35e-04 1.32e+01 1.38e+01 1.37e-04 4.65e-03 4.33e+00 8.41e+00 4.56e-03 8.80e+00 3.74e-03  3.89e-01
7  3.39e-05 3.29e+00 3.30e+00 3.44e-05 2.46e-03 2.22e+00 4.22e+00 2.29e-03 4.46e+00 1.91e-03  1.56e+00
8  8.44e-06 8.35e-01 8.64e-01 8.51e-06 1.27e-03 1.13e+00 2.19e+00 1.26e-03 2.29e+00 1.02e-03  6.19e+00
9  2.09e-06 2.12e-01 2.09e-01 2.10e-06 6.45e-04 5.75e-01 1.15e+00 6.44e-04 1.12e+00 5.30e-04  2.48e+01
10 5.00e-07 5.86e-02 5.93e-02 5.03e-07 3.32e-04 2.91e-01 5.87e-01 3.28e-04 5.72e-01 2.77e-04  9.81e+01
11 1.02e-07 3.21e-02 3.23e-02 1.12e-07 1.91e-04 1.83e-01 3.49e-01 1.92e-04 3.54e-01 1.58e-04  3.98e+02
12 1.66e-09 2.97e-02 2.95e-02 4.05e-08 2.40e-04 2.33e-01 4.47e-01 2.38e-04 4.46e-01 1.96e-04  1.60e+03

================================================================================
Altitude = 0.001 km — Geographic Grid vs Analytical (1000 obs pts)
================================================================================
          V       gN       gE       gD      TNN      TNE      TND      TEE      TED      TDD  Time (s)
0  4.32e-01 2.44e+04 1.45e+04 4.34e-01 4.69e-01 4.67e+01 2.26e+02 4.29e-01 1.91e+02 4.45e-01  1.52e+00
1  1.54e-01 1.55e+04 7.42e+03 1.55e-01 2.20e-01 3.09e+01 2.45e+02 1.79e-01 1.66e+02 1.83e-01  2.07e-03
2  4.60e-02 5.93e+03 2.66e+03 4.66e-02 1.22e-01 1.27e+01 1.78e+02 8.28e-02 1.11e+02 8.38e-02  6.30e-03
3  1.26e-02 1.84e+03 8.04e+02 1.28e-02 7.17e-02 4.12e+00 1.07e+02 4.37e-02 6.58e+01 4.34e-02  1.28e-02
4  3.29e-03 5.14e+02 2.22e+02 3.34e-03 3.77e-02 1.16e+00 5.90e+01 2.37e-02 3.67e+01 2.27e-02  3.04e-02
5  8.41e-04 1.36e+02 5.86e+01 8.55e-04 2.04e-02 3.16e-01 3.10e+01 1.29e-02 1.95e+01 1.22e-02  1.02e-01
6  2.13e-04 3.51e+01 1.51e+01 2.16e-04 9.78e-03 7.81e-02 1.59e+01 6.61e-03 1.02e+01 5.88e-03  3.91e-01
7  5.34e-05 8.84e+00 3.81e+00 5.43e-05 5.60e-03 2.20e-02 8.08e+00 3.39e-03 5.20e+00 3.30e-03  1.55e+00
8  1.34e-05 2.27e+00 9.61e-01 1.37e-05 2.53e-03 7.14e-03 4.03e+00 1.73e-03 2.63e+00 1.55e-03  6.12e+00
9  3.35e-06 5.73e-01 2.41e-01 3.42e-06 1.30e-03 9.90e-03 2.03e+00 8.81e-04 1.33e+00 7.64e-04  2.44e+01
10 8.39e-07 1.45e-01 6.23e-02 8.55e-07 6.66e-04 2.32e-02 1.01e+00 4.50e-04 6.72e-01 4.03e-04  9.88e+01
11 2.11e-07 4.07e-02 1.96e-02 2.15e-07 3.33e-04 3.89e-02 5.29e-01 2.16e-04 3.47e-01 1.99e-04  3.96e+02
12 5.22e-08 1.83e-02 1.37e-02 5.74e-08 2.00e-04 8.44e-02 3.12e-01 1.53e-04 2.55e-01 1.35e-04  1.63e+03

================================================================================
Altitude = 0.1 km — Icosphere vs Analytical (1000 obs pts)
================================================================================
          V       gN       gE       gD      TNN      TNE      TND      TEE      TED      TDD  Time (s)
0  3.95e-01 1.26e+04 1.29e+04 3.95e-01 4.05e-01 7.43e+01 1.79e+02 4.09e-01 1.81e+02 4.04e-01  1.57e-02
1  1.27e-01 7.58e+03 7.24e+03 1.27e-01 1.60e-01 7.32e+01 1.73e+02 1.57e-01 1.63e+02 1.50e-01  1.80e-03
2  3.39e-02 2.65e+03 2.67e+03 3.41e-02 6.95e-02 4.96e+01 1.06e+02 6.73e-02 1.07e+02 5.98e-02  6.47e-03
3  8.62e-03 7.60e+02 7.60e+02 8.71e-03 3.54e-02 2.86e+01 6.00e+01 3.50e-02 6.04e+01 2.94e-02  1.42e-02
4  2.16e-03 2.07e+02 2.08e+02 2.18e-03 1.76e-02 1.61e+01 3.28e+01 1.81e-02 3.31e+01 1.44e-02  3.76e-02
5  5.42e-04 5.21e+01 5.47e+01 5.48e-04 9.15e-03 8.24e+00 1.67e+01 9.27e-03 1.70e+01 7.55e-03  1.24e-01
6  1.35e-04 1.31e+01 1.37e+01 1.37e-04 4.59e-03 4.28e+00 8.30e+00 4.51e-03 8.68e+00 3.70e-03  4.71e-01
7  3.39e-05 3.25e+00 3.27e+00 3.44e-05 2.38e-03 2.16e+00 4.10e+00 2.24e-03 4.34e+00 1.86e-03  1.77e+00
8  8.44e-06 8.18e-01 8.46e-01 8.51e-06 1.20e-03 1.06e+00 2.06e+00 1.18e-03 2.17e+00 9.55e-04  6.51e+00
9  2.09e-06 2.04e-01 2.01e-01 2.10e-06 5.87e-04 5.16e-01 1.03e+00 5.80e-04 1.01e+00 4.79e-04  2.58e+01
10 5.00e-07 5.45e-02 5.53e-02 5.02e-07 2.78e-04 2.37e-01 4.88e-01 2.75e-04 4.77e-01 2.31e-04  1.02e+02
11 1.02e-07 2.98e-02 3.00e-02 1.11e-07 1.55e-04 1.39e-01 2.76e-01 1.53e-04 2.76e-01 1.26e-04  4.08e+02
12 1.66e-09 2.64e-02 2.62e-02 3.62e-08 1.87e-04 1.71e-01 3.46e-01 1.80e-04 3.46e-01 1.49e-04  1.61e+03

================================================================================
Altitude = 0.1 km — Geographic Grid vs Analytical (1000 obs pts)
================================================================================
          V       gN       gE       gD      TNN      TNE      TND      TEE      TED      TDD  Time (s)
0  4.32e-01 2.44e+04 1.45e+04 4.34e-01 4.69e-01 4.67e+01 2.26e+02 4.29e-01 1.91e+02 4.45e-01  3.52e-03
1  1.54e-01 1.55e+04 7.41e+03 1.55e-01 2.20e-01 3.08e+01 2.45e+02 1.79e-01 1.66e+02 1.83e-01  1.85e-03
2  4.60e-02 5.93e+03 2.65e+03 4.66e-02 1.22e-01 1.27e+01 1.78e+02 8.28e-02 1.11e+02 8.38e-02  4.96e-03
3  1.26e-02 1.84e+03 8.03e+02 1.28e-02 7.16e-02 4.11e+00 1.07e+02 4.36e-02 6.57e+01 4.34e-02  1.17e-02
4  3.29e-03 5.13e+02 2.22e+02 3.34e-03 3.77e-02 1.15e+00 5.88e+01 2.36e-02 3.66e+01 2.26e-02  3.75e-02
5  8.41e-04 1.35e+02 5.84e+01 8.55e-04 2.03e-02 3.13e-01 3.08e+01 1.28e-02 1.94e+01 1.21e-02  1.28e-01
6  2.13e-04 3.49e+01 1.50e+01 2.16e-04 9.73e-03 7.66e-02 1.58e+01 6.52e-03 1.00e+01 5.84e-03  4.75e-01
7  5.34e-05 8.77e+00 3.77e+00 5.43e-05 5.37e-03 2.09e-02 7.87e+00 3.30e-03 5.05e+00 3.18e-03  1.74e+00
8  1.34e-05 2.24e+00 9.38e-01 1.37e-05 2.41e-03 6.72e-03 3.88e+00 1.64e-03 2.49e+00 1.48e-03  6.95e+00
9  3.35e-06 5.57e-01 2.30e-01 3.41e-06 1.22e-03 9.53e-03 1.88e+00 7.95e-04 1.19e+00 7.10e-04  2.54e+01
10 8.39e-07 1.37e-01 5.69e-02 8.54e-07 5.79e-04 2.15e-02 8.82e-01 3.76e-04 5.57e-01 3.47e-04  1.03e+02
11 2.11e-07 3.69e-02 1.71e-02 2.14e-07 2.71e-04 3.54e-02 4.18e-01 1.61e-04 2.60e-01 1.58e-04  4.05e+02
12 5.22e-08 1.65e-02 1.20e-02 5.64e-08 1.42e-04 6.68e-02 2.17e-01 1.07e-04 1.81e-01 9.59e-05  1.61e+03

================================================================================
Altitude = 1 km — Icosphere vs Analytical (1000 obs pts)
================================================================================
          V       gN       gE       gD      TNN      TNE      TND      TEE      TED      TDD  Time (s)
0  3.95e-01 1.26e+04 1.29e+04 3.95e-01 4.05e-01 7.42e+01 1.79e+02 4.09e-01 1.81e+02 4.04e-01  8.32e-03
1  1.27e-01 7.57e+03 7.23e+03 1.27e-01 1.60e-01 7.29e+01 1.72e+02 1.57e-01 1.63e+02 1.50e-01  2.97e-03
2  3.39e-02 2.64e+03 2.66e+03 3.41e-02 6.92e-02 4.93e+01 1.06e+02 6.72e-02 1.07e+02 5.97e-02  7.89e-03
3  8.62e-03 7.55e+02 7.55e+02 8.71e-03 3.51e-02 2.83e+01 5.93e+01 3.46e-02 5.98e+01 2.92e-02  1.75e-02
4  2.16e-03 2.04e+02 2.05e+02 2.18e-03 1.72e-02 1.57e+01 3.21e+01 1.77e-02 3.23e+01 1.42e-02  3.96e-02
5  5.42e-04 5.08e+01 5.35e+01 5.48e-04 8.72e-03 7.80e+00 1.59e+01 8.83e-03 1.61e+01 7.19e-03  1.31e-01
6  1.35e-04 1.25e+01 1.31e+01 1.37e-04 4.16e-03 3.89e+00 7.56e+00 4.16e-03 7.83e+00 3.38e-03  4.84e-01
7  3.39e-05 2.97e+00 2.97e+00 3.43e-05 1.97e-03 1.81e+00 3.43e+00 1.92e-03 3.59e+00 1.57e-03  1.72e+00
8  8.44e-06 6.87e-01 7.07e-01 8.49e-06 8.61e-04 7.66e-01 1.50e+00 8.56e-04 1.57e+00 6.97e-04  6.52e+00
9  2.09e-06 1.47e-01 1.46e-01 2.10e-06 3.31e-04 2.93e-01 5.77e-01 3.27e-04 5.73e-01 2.68e-04  2.59e+01
10 5.00e-07 3.48e-02 3.55e-02 5.01e-07 1.06e-04 9.12e-02 1.82e-01 1.04e-04 1.82e-01 8.77e-05  1.03e+02
11 1.02e-07 1.88e-02 1.88e-02 1.06e-07 5.42e-05 4.54e-02 9.31e-02 5.30e-05 9.36e-02 4.31e-05  4.04e+02
12 1.66e-09 1.26e-02 1.26e-02 1.78e-08 5.29e-05 4.50e-02 9.27e-02 4.98e-05 9.28e-02 4.09e-05  1.61e+03

================================================================================
Altitude = 1 km — Geographic Grid vs Analytical (1000 obs pts)
================================================================================
          V       gN       gE       gD      TNN      TNE      TND      TEE      TED      TDD  Time (s)
0  4.32e-01 2.44e+04 1.45e+04 4.34e-01 4.69e-01 4.66e+01 2.25e+02 4.29e-01 1.91e+02 4.45e-01  1.86e-03
1  1.54e-01 1.55e+04 7.40e+03 1.55e-01 2.20e-01 3.07e+01 2.44e+02 1.78e-01 1.66e+02 1.83e-01  2.63e-03
2  4.60e-02 5.92e+03 2.65e+03 4.66e-02 1.22e-01 1.26e+01 1.77e+02 8.25e-02 1.10e+02 8.35e-02  9.00e-03
3  1.26e-02 1.83e+03 7.97e+02 1.28e-02 7.06e-02 4.02e+00 1.05e+02 4.33e-02 6.50e+01 4.29e-02  1.18e-02
4  3.29e-03 5.09e+02 2.19e+02 3.34e-03 3.69e-02 1.10e+00 5.77e+01 2.32e-02 3.58e+01 2.22e-02  3.51e-02
5  8.41e-04 1.33e+02 5.68e+01 8.54e-04 1.94e-02 2.92e-01 2.96e+01 1.21e-02 1.85e+01 1.15e-02  1.28e-01
6  2.13e-04 3.38e+01 1.42e+01 2.16e-04 9.18e-03 6.73e-02 1.46e+01 5.90e-03 9.11e+00 5.45e-03  4.67e-01
7  5.34e-05 8.22e+00 3.38e+00 5.42e-05 4.54e-03 1.62e-02 6.86e+00 2.74e-03 4.23e+00 2.68e-03  1.71e+00
8  1.34e-05 1.97e+00 7.58e-01 1.36e-05 1.94e-03 5.42e-03 3.08e+00 1.18e-03 1.82e+00 1.15e-03  6.55e+00
9  3.35e-06 4.38e-01 1.52e-01 3.39e-06 8.02e-04 7.64e-03 1.26e+00 4.53e-04 6.96e-01 4.52e-04  2.58e+01
10 8.39e-07 8.92e-02 2.70e-02 8.45e-07 2.76e-04 1.33e-02 4.42e-01 1.41e-04 2.18e-01 1.59e-04  1.01e+02
11 2.11e-07 2.10e-02 7.83e-03 2.12e-07 7.69e-05 1.74e-02 1.21e-01 3.54e-05 5.79e-02 4.25e-05  4.06e+02
12 5.22e-08 1.02e-02 5.50e-03 5.38e-08 3.27e-05 1.85e-02 5.10e-02 2.37e-05 4.16e-02 2.20e-05  1.62e+03

================================================================================
Altitude = 10 km — Icosphere vs Analytical (1000 obs pts)
================================================================================
          V       gN       gE       gD      TNN      TNE      TND      TEE      TED      TDD  Time (s)
0  3.95e-01 1.25e+04 1.28e+04 3.95e-01 4.05e-01 7.29e+01 1.76e+02 4.08e-01 1.78e+02 4.04e-01  3.25e-03
1  1.27e-01 7.42e+03 7.09e+03 1.27e-01 1.59e-01 7.07e+01 1.67e+02 1.55e-01 1.58e+02 1.49e-01  2.66e-03
2  3.39e-02 2.55e+03 2.57e+03 3.41e-02 6.66e-02 4.68e+01 1.00e+02 6.52e-02 1.01e+02 5.79e-02  6.46e-03
3  8.62e-03 7.11e+02 7.10e+02 8.70e-03 3.21e-02 2.55e+01 5.34e+01 3.17e-02 5.37e+01 2.69e-02  1.73e-02
4  2.16e-03 1.82e+02 1.82e+02 2.17e-03 1.45e-02 1.29e+01 2.63e+01 1.46e-02 2.63e+01 1.19e-02  4.28e-02
5  5.42e-04 4.08e+01 4.32e+01 5.46e-04 6.14e-03 5.33e+00 1.10e+01 6.13e-03 1.12e+01 5.03e-03  1.23e-01
6  1.35e-04 8.47e+00 8.99e+00 1.36e-04 2.19e-03 2.01e+00 3.96e+00 2.18e-03 3.99e+00 1.79e-03  4.77e-01
7  3.38e-05 1.64e+00 1.65e+00 3.40e-05 5.96e-04 5.48e-01 1.06e+00 5.93e-04 1.07e+00 4.81e-04  1.82e+00
8  8.44e-06 3.55e-01 3.66e-01 8.46e-06 9.39e-05 8.28e-02 1.63e-01 9.17e-05 1.66e-01 7.58e-05  6.51e+00
9  2.09e-06 8.75e-02 9.01e-02 2.09e-06 6.83e-06 5.78e-03 1.19e-02 6.95e-06 1.17e-02 5.60e-06  2.54e+01
10 5.00e-07 2.25e-02 2.29e-02 5.01e-07 3.58e-06 2.93e-03 6.27e-03 3.63e-06 5.88e-03 2.88e-06  1.02e+02
11 1.02e-07 6.56e-03 6.66e-03 1.03e-07 2.15e-06 1.58e-03 3.88e-03 2.26e-06 3.66e-03 1.72e-06  4.03e+02
12 1.66e-09 2.85e-03 2.92e-03 4.47e-09 1.30e-06 8.70e-04 2.17e-03 1.36e-06 2.29e-03 1.01e-06  1.62e+03

================================================================================
Altitude = 10 km — Geographic Grid vs Analytical (1000 obs pts)
================================================================================
          V       gN       gE       gD      TNN      TNE      TND      TEE      TED      TDD  Time (s)
0  4.32e-01 2.42e+04 1.44e+04 4.34e-01 4.69e-01 4.55e+01 2.22e+02 4.29e-01 1.87e+02 4.45e-01  2.11e-03
1  1.54e-01 1.53e+04 7.26e+03 1.55e-01 2.18e-01 2.94e+01 2.38e+02 1.77e-01 1.61e+02 1.82e-01  3.44e-03
2  4.60e-02 5.79e+03 2.55e+03 4.66e-02 1.18e-01 1.14e+01 1.69e+02 8.00e-02 1.05e+02 8.10e-02  7.49e-03
3  1.26e-02 1.75e+03 7.45e+02 1.28e-02 6.40e-02 3.39e+00 9.69e+01 3.98e-02 5.90e+01 3.94e-02  1.65e-02
4  3.29e-03 4.68e+02 1.91e+02 3.33e-03 3.18e-02 8.34e-01 4.91e+01 1.94e-02 2.95e+01 1.90e-02  3.67e-02
5  8.41e-04 1.13e+02 4.36e+01 8.51e-04 1.45e-02 1.79e-01 2.23e+01 8.45e-03 1.29e+01 8.50e-03  1.26e-01
6  2.13e-04 2.50e+01 8.45e+00 2.14e-04 5.74e-03 3.03e-02 8.97e+00 3.13e-03 4.80e+00 3.29e-03  4.61e-01
7  5.34e-05 4.93e+00 1.24e+00 5.37e-05 1.88e-03 4.31e-03 2.90e+00 8.81e-04 1.35e+00 1.04e-03  1.81e+00
8  1.34e-05 9.58e-01 1.08e-01 1.34e-05 4.08e-04 1.93e-03 6.47e-01 1.49e-04 2.28e-01 2.17e-04  6.51e+00
9  3.35e-06 2.17e-01 5.58e-03 3.36e-06 4.14e-05 1.72e-03 6.50e-02 9.84e-06 1.44e-02 2.13e-05  2.57e+01
10 8.39e-07 5.42e-02 2.56e-03 8.41e-07 3.12e-06 1.37e-03 4.69e-03 1.72e-06 2.81e-03 1.94e-06  1.02e+02
11 2.11e-07 1.36e-02 1.36e-03 2.11e-07 2.15e-06 8.05e-04 3.39e-03 9.39e-07 1.56e-03 1.25e-06  4.01e+02
12 5.22e-08 4.62e-03 7.13e-04 5.24e-08 1.62e-06 4.27e-04 2.35e-03 4.58e-07 8.79e-04 8.63e-07  1.63e+03

================================================================================
Reference Values at Different Altitudes
GP in m²/s², GV in mGal, GGT in Eotvos
================================================================================
                 V       gN       gE        gD      TNN      TNE      TND      TEE      TED      TDD
0.001  62647267.15     0.00    -0.00 983258.41 -1543.24     0.00     0.00 -1543.24    -0.00  3086.48
0.100  62646293.74    -0.00     0.00 983227.85 -1543.17     0.00     0.00 -1543.17     0.00  3086.33
1.000  62637445.94    -0.00    -0.00 982950.14 -1542.51    -0.00    -0.00 -1542.51    -0.00  3085.03
10.000 62549105.20    -0.00     0.00 980179.49 -1536.00    -0.00    -0.00 -1536.00     0.00  3071.99
================================================================================
End time: [2026-04-24 20:22:36]
================================================================================
