nohup: ignoring input
================================================================================
Start time: [2026-04-19 14:17:31]
================================================================================

==========================================================================================
Recursive subdivision of an icosahedron
nsub             NV           NT    Vol_err   Area_err   Min_psi (arcmin)   Max_psi (arcmin)
------------------------------------------------------------------------------------------
0                12           20   3.95e-01   2.38e-01           3.81e+03           3.81e+03
1                42           80   1.27e-01   7.17e-02           1.90e+03           2.16e+03
2               162          320   3.38e-02   1.89e-02           8.73e+02           1.12e+03
3               642         1280   8.62e-03   4.79e-03           4.11e+02           5.67e+02
4              2562         5120   2.17e-03   1.20e-03           1.99e+02           2.84e+02
5             10242        20480   5.42e-04   3.01e-04           9.78e+01           1.42e+02
6             40962        81920   1.36e-04   7.52e-05           4.85e+01           7.11e+01
7            163842       327680   3.39e-05   1.88e-05           2.41e+01           3.55e+01
8            655362      1310720   8.47e-06   4.70e-06           1.20e+01           1.78e+01
9           2621442      5242880   2.12e-06   1.18e-06           6.01e+00           8.88e+00
10         10485762     20971520   5.31e-07   2.92e-07           3.00e+00           4.44e+00
11         41943042     83886080   1.33e-07   6.32e-08           1.50e+00           2.22e+00
12        167772162    335544320   3.28e-08   2.51e-08           7.51e-01           1.11e+00

==========================================================================================
Triangulated Regular Geographic Grid
level            NV           NT    Vol_err   Area_err   Min_psi (arcmin)   Max_psi (arcmin)
------------------------------------------------------------------------------------------
0                12           20   4.32e-01   2.46e-01           3.60e+03           5.46e+03
1                42           80   1.54e-01   8.02e-02           1.26e+03           3.03e+03
2               162          320   4.60e-02   2.33e-02           3.68e+02           1.61e+03
3               642         1280   1.26e-02   6.31e-03           9.91e+01           8.33e+02
4              2562         5120   3.29e-03   1.65e-03           2.57e+01           4.24e+02
5             10242        20480   8.41e-04   4.20e-04           6.52e+00           2.14e+02
6             40962        81920   2.13e-04   1.06e-04           1.64e+00           1.08e+02
7            163842       327680   5.34e-05   2.67e-05           4.13e-01           5.39e+01
8            655362      1310720   1.34e-05   6.69e-06           1.03e-01           2.70e+01
9           2621442      5242880   3.35e-06   1.68e-06           2.59e-02           1.35e+01
10         10485762     20971520   8.40e-07   4.20e-07           6.47e-03           6.75e+00
11         41943042     83886080   2.09e-07   1.03e-07           1.62e-03           3.38e+00
12        167772162    335544320   5.21e-08   2.16e-08           4.04e-04           1.69e+00
================================================================================
End time: [2026-04-19 14:22:23]
================================================================================
